Component: ARM Compiler 5.06 update 5 (build 528) Tool: armlink [4d35e2]

==============================================================================

Section Cross References

    stm32f0xx_it.o(i.SysTick_Handler) refers to stm32f0xx_hal.o(i.HAL_IncTick) for HAL_IncTick
    stm32f0xx_it.o(i.SysTick_Handler) refers to stm32f0xx_hal_cortex.o(i.HAL_SYSTICK_IRQHandler) for HAL_SYSTICK_IRQHandler
    main.o(i.main) refers to stm32f0xx_hal.o(i.HAL_Init) for HAL_Init
    main.o(i.main) refers to mpu6500_sys.o(i.SystemClock_Config) for SystemClock_Config
    main.o(i.main) refers to mpu6500_bsp.o(i.MX_GPIO_Init) for MX_GPIO_Init
    main.o(i.main) refers to mpu6500.o(i.MX_SPI1_Init) for MX_SPI1_Init
    main.o(i.main) refers to uart.o(i.MX_USART1_UART_Init) for MX_USART1_UART_Init
    main.o(i.main) refers to matrix.o(i.matrix_set_m) for matrix_set_m
    main.o(i.main) refers to matrix.o(i.matrix_set_n) for matrix_set_n
    main.o(i.main) refers to matrix.o(i.matrix_init) for matrix_init
    main.o(i.main) refers to matrix.o(i.matrix_write) for matrix_write
    main.o(i.main) refers to fflti.o(.text) for __aeabi_i2f
    main.o(i.main) refers to printfa.o(i.__0printf) for __2printf
    main.o(i.main) refers to uart.o(i.printf_matrix) for printf_matrix
    main.o(i.main) refers to matrix.o(i.matrix_det) for matrix_det
    main.o(i.main) refers to f2d.o(.text) for __aeabi_f2d
    main.o(i.main) refers to matrix.o(i.matrix_add) for matrix_add
    main.o(i.main) refers to matrix.o(i.matrix_subtract) for matrix_subtract
    main.o(i.main) refers to matrix.o(i.matrix_multiply) for matrix_multiply
    main.o(i.main) refers to matrix.o(i.matrix_transpos) for matrix_transpos
    main.o(i.main) refers to matrix.o(i.matrix_inverse) for matrix_inverse
    main.o(i.main) refers to mpu6500.o(i.WritMPU6500_Reg) for WritMPU6500_Reg
    main.o(i.main) refers to mpu6500.o(i.ReadMPU6500_Reg) for ReadMPU6500_Reg
    main.o(i.main) refers to main.o(.data) for test_value
    stm32f0xx_hal_msp.o(i.HAL_MspInit) refers to stm32f0xx_hal_cortex.o(i.HAL_NVIC_SetPriority) for HAL_NVIC_SetPriority
    stm32f0xx_hal_msp.o(i.HAL_SPI_MspDeInit) refers to stm32f0xx_hal_gpio.o(i.HAL_GPIO_DeInit) for HAL_GPIO_DeInit
    stm32f0xx_hal_msp.o(i.HAL_SPI_MspInit) refers to stm32f0xx_hal_gpio.o(i.HAL_GPIO_Init) for HAL_GPIO_Init
    stm32f0xx_hal_msp.o(i.HAL_UART_MspDeInit) refers to stm32f0xx_hal_gpio.o(i.HAL_GPIO_DeInit) for HAL_GPIO_DeInit
    stm32f0xx_hal_msp.o(i.HAL_UART_MspInit) refers to stm32f0xx_hal_gpio.o(i.HAL_GPIO_Init) for HAL_GPIO_Init
    mpu6500.o(i.MX_SPI1_Init) refers to stm32f0xx_hal_spi.o(i.HAL_SPI_Init) for HAL_SPI_Init
    mpu6500.o(i.MX_SPI1_Init) refers to main.o(i._Error_Handler) for _Error_Handler
    mpu6500.o(i.MX_SPI1_Init) refers to mpu6500.o(.bss) for hspi1
    mpu6500.o(i.ReadMPU6500_Reg) refers to stm32f0xx_hal_gpio.o(i.HAL_GPIO_WritePin) for HAL_GPIO_WritePin
    mpu6500.o(i.ReadMPU6500_Reg) refers to stm32f0xx_hal_spi.o(i.HAL_SPI_TransmitReceive) for HAL_SPI_TransmitReceive
    mpu6500.o(i.ReadMPU6500_Reg) refers to mpu6500.o(.bss) for hspi1
    mpu6500.o(i.WritMPU6500_Reg) refers to stm32f0xx_hal_gpio.o(i.HAL_GPIO_WritePin) for HAL_GPIO_WritePin
    mpu6500.o(i.WritMPU6500_Reg) refers to stm32f0xx_hal_spi.o(i.HAL_SPI_Transmit) for HAL_SPI_Transmit
    mpu6500.o(i.WritMPU6500_Reg) refers to mpu6500.o(.bss) for hspi1
    matrix.o(i.matrix_add) refers to matrix.o(i.matrix_read) for matrix_read
    matrix.o(i.matrix_add) refers to fadd.o(.text) for __aeabi_fadd
    matrix.o(i.matrix_add) refers to matrix.o(i.matrix_write) for matrix_write
    matrix.o(i.matrix_det) refers to matrix.o(i.matrix_read) for matrix_read
    matrix.o(i.matrix_det) refers to fmul.o(.text) for __aeabi_fmul
    matrix.o(i.matrix_det) refers to fadd.o(.text) for __aeabi_fsub
    matrix.o(i.matrix_free) refers to malloc.o(i.free) for free
    matrix.o(i.matrix_init) refers to malloc.o(i.malloc) for malloc
    matrix.o(i.matrix_inverse) refers to matrix.o(i.matrix_set_m) for matrix_set_m
    matrix.o(i.matrix_inverse) refers to matrix.o(i.matrix_set_n) for matrix_set_n
    matrix.o(i.matrix_inverse) refers to matrix.o(i.matrix_init) for matrix_init
    matrix.o(i.matrix_inverse) refers to matrix.o(i.matrix_read) for matrix_read
    matrix.o(i.matrix_inverse) refers to matrix.o(i.matrix_write) for matrix_write
    matrix.o(i.matrix_inverse) refers to cfcmple.o(.text) for __aeabi_cfcmpeq
    matrix.o(i.matrix_inverse) refers to fdiv.o(.text) for __aeabi_fdiv
    matrix.o(i.matrix_inverse) refers to fmul.o(.text) for __aeabi_fmul
    matrix.o(i.matrix_inverse) refers to fadd.o(.text) for __aeabi_fsub
    matrix.o(i.matrix_inverse) refers to matrix.o(i.matrix_free) for matrix_free
    matrix.o(i.matrix_multiply) refers to matrix.o(i.matrix_read) for matrix_read
    matrix.o(i.matrix_multiply) refers to fmul.o(.text) for __aeabi_fmul
    matrix.o(i.matrix_multiply) refers to fadd.o(.text) for __aeabi_fadd
[...]
    printfa.o(i._printf_pre_padding) refers (Special) to iusefp.o(.text) for __I$use$fp
    printfa.o(i._snputc) refers (Special) to iusefp.o(.text) for __I$use$fp
    printfa.o(i._sputc) refers (Special) to iusefp.o(.text) for __I$use$fp
    malloc.o(i.free) refers to mvars.o(.data) for __microlib_freelist
    malloc.o(i.malloc) refers to mvars.o(.data) for __microlib_freelist_initialised
    malloc.o(i.malloc) refers to mvars.o(.data) for __microlib_freelist
    malloc.o(i.malloc) refers to startup_stm32f051x8.o(HEAP) for __heap_base
    mallocr.o(i.__free$realloc) refers to mvars.o(.data) for __microlib_freelist
    mallocr.o(i.__malloc$realloc) refers to mallocr.o(i.internal_alloc) for internal_alloc
    mallocr.o(i.__malloc$realloc) refers to mvars.o(.data) for __microlib_freelist_initialised
    mallocr.o(i.__malloc$realloc) refers to startup_stm32f051x8.o(HEAP) for __heap_base
    mallocr.o(i.__malloc$realloc) refers to mvars.o(.data) for __microlib_freelist
    mallocr.o(i.internal_alloc) refers to memcpya.o(.text) for __aeabi_memcpy
    mallocr.o(i.internal_alloc) refers to mvars.o(.data) for __microlib_freelist
    mallocr.o(i.realloc) refers to mallocr.o(i.__free$realloc) for __free$realloc
    mallocr.o(i.realloc) refers to mallocr.o(i.internal_alloc) for internal_alloc
    mallocr.o(i.realloc) refers to mallocr.o(i.__malloc$realloc) for __malloc$realloc
    mallocr.o(i.realloc) refers to mvars.o(.data) for __microlib_freelist
    malloca.o(i.__aligned_malloc) refers to mvars.o(.data) for __microlib_freelist
    malloca.o(i.__aligned_malloc) refers to mvars.o(.data) for __microlib_freelist_initialised
    malloca.o(i.__aligned_malloc) refers to startup_stm32f051x8.o(HEAP) for __heap_base
    malloca.o(i.__free$memalign) refers to mvars.o(.data) for __microlib_freelist
    malloca.o(i.__malloc$memalign) refers to malloca.o(i.__aligned_malloc) for __aligned_malloc
    mallocra.o(i.__aligned_malloc$realloc) refers to mallocra.o(i.internal_alloc) for internal_alloc
    mallocra.o(i.__aligned_malloc$realloc) refers to startup_stm32f051x8.o(HEAP) for __heap_base
    mallocra.o(i.__aligned_malloc$realloc) refers to mvars.o(.data) for __microlib_freelist
    mallocra.o(i.__aligned_malloc$realloc) refers to mvars.o(.data) for __microlib_freelist_initialised
    mallocra.o(i.__free$realloc$memalign) refers to mvars.o(.data) for __microlib_freelist
    mallocra.o(i.__malloc$realloc$memalign) refers to mallocra.o(i.__aligned_malloc$realloc) for __aligned_malloc$realloc
    mallocra.o(i.__realloc$memalign) refers to mallocra.o(i.__free$realloc$memalign) for __free$realloc$memalign
    mallocra.o(i.__realloc$memalign) refers to mallocra.o(i.internal_alloc) for internal_alloc
    mallocra.o(i.__realloc$memalign) refers to mallocra.o(i.__malloc$realloc$memalign) for __malloc$realloc$memalign
    mallocra.o(i.__realloc$memalign) refers to mvars.o(.data) for __microlib_freelist
    mallocra.o(i.internal_alloc) refers to memcpya.o(.text) for __aeabi_memcpy
    mallocra.o(i.internal_alloc) refers to mvars.o(.data) for __microlib_freelist
    fadd.o(.text) refers (Special) to iusefp.o(.text) for __I$use$fp
    fadd.o(.text) refers to fepilogue.o(.text) for _float_epilogue
    fmul.o(.text) refers (Special) to iusefp.o(.text) for __I$use$fp
    fdiv.o(.text) refers (Special) to iusefp.o(.text) for __I$use$fp
    fdiv.o(.text) refers to fepilogue.o(.text) for _float_round
    fflti.o(.text) refers (Special) to iusefp.o(.text) for __I$use$fp
    fflti.o(.text) refers to fepilogue.o(.text) for _float_epilogue
    f2d.o(.text) refers (Special) to iusefp.o(.text) for __I$use$fp
    cfcmple.o(.text) refers (Special) to iusefp.o(.text) for __I$use$fp
    entry2.o(.ARM.Collect$$$$00000001) refers to entry2.o(.ARM.Collect$$$$00002712) for __lit__00000000
    entry2.o(.ARM.Collect$$$$00002712) refers to startup_stm32f051x8.o(STACK) for __initial_sp
    entry2.o(__vectab_stack_and_reset_area) refers to startup_stm32f051x8.o(STACK) for __initial_sp
    entry2.o(__vectab_stack_and_reset_area) refers to entry.o(.ARM.Collect$$$$00000000) for __main
    entry5.o(.ARM.Collect$$$$00000004) refers to init.o(.text) for __scatterload
    entry9a.o(.ARM.Collect$$$$0000000B) refers to main.o(i.main) for main
    entry9b.o(.ARM.Collect$$$$0000000C) refers to main.o(i.main) for main
    uldiv.o(.text) refers to llushr.o(.text) for __aeabi_llsr
    uldiv.o(.text) refers to llshl.o(.text) for __aeabi_llsl
    dadd.o(.text) refers to llshl.o(.text) for __aeabi_llsl
    dadd.o(.text) refers to llsshr.o(.text) for __aeabi_lasr
    dadd.o(.text) refers to depilogue.o(.text) for _double_epilogue
    dmul.o(.text) refers to depilogue.o(.text) for _double_epilogue
    ddiv.o(.text) refers to depilogue.o(.text) for _double_round
    dfixul.o(.text) refers to llushr.o(.text) for __aeabi_llsr
    dfixul.o(.text) refers to llshl.o(.text) for __aeabi_llsl
    init.o(.text) refers to entry5.o(.ARM.Collect$$$$00000004) for __main_after_scatterload
    depilogue.o(.text) refers to depilogue.o(i.__ARM_clz) for __ARM_clz
    depilogue.o(.text) refers to llshl.o(.text) for __aeabi_llsl
    depilogue.o(.text) refers to llushr.o(.text) for __aeabi_llsr


==============================================================================

Removing Unused input sections from the image.

    Removing stm32f0xx_it.o(.rev16_text), (4 bytes).
    Removing stm32f0xx_it.o(.revsh_text), (4 bytes).
    Removing main.o(.rev16_text), (4 bytes).
    Removing main.o(.revsh_text), (4 bytes).
    Removing stm32f0xx_hal_msp.o(.rev16_text), (4 bytes).
    Removing stm32f0xx_hal_msp.o(.revsh_text), (4 bytes).
    Removing stm32f0xx_hal_msp.o(i.HAL_SPI_MspDeInit), (44 bytes).
    Removing stm32f0xx_hal_msp.o(i.HAL_UART_MspDeInit), (48 bytes).
    Removing mpu6500.o(.rev16_text), (4 bytes).
    Removing mpu6500.o(.revsh_text), (4 bytes).
    Removing matrix.o(i.matrix_multiply_const), (72 bytes).
    Removing matrix.o(i.matrix_set), (28 bytes).
    Removing uart.o(.rev16_text), (4 bytes).
    Removing uart.o(.revsh_text), (4 bytes).
    Removing mpu6500_sys.o(.rev16_text), (4 bytes).
    Removing mpu6500_sys.o(.revsh_text), (4 bytes).
    Removing mpu6500_bsp.o(.rev16_text), (4 bytes).
    Removing mpu6500_bsp.o(.revsh_text), (4 bytes).
    Removing imu.o(.rev16_text), (4 bytes).
    Removing imu.o(.revsh_text), (4 bytes).
    Removing imu.o(i.R2v), (12 bytes).
    Removing imu.o(i.init_matrix), (48 bytes).
    Removing imu.o(i.predict_process), (1716 bytes).
    Removing imu.o(i.update_process), (1484 bytes).
    Removing imu.o(i.v2R), (12 bytes).
    Removing imu.o(.bss), (84 bytes).
    Removing system_stm32f0xx.o(.rev16_text), (4 bytes).
    Removing system_stm32f0xx.o(.revsh_text), (4 bytes).
    Removing system_stm32f0xx.o(i.SystemCoreClockUpdate), (176 bytes).
    Removing stm32f0xx_hal_i2c.o(.rev16_text), (4 bytes).
    Removing stm32f0xx_hal_i2c.o(.revsh_text), (4 bytes).
    Removing stm32f0xx_hal_i2c.o(i.HAL_I2C_AbortCpltCallback), (2 bytes).
    Removing stm32f0xx_hal_i2c.o(i.HAL_I2C_AddrCallback), (2 bytes).
    Removing stm32f0xx_hal_i2c.o(i.HAL_I2C_DeInit), (66 bytes).
    Removing stm32f0xx_hal_i2c.o(i.HAL_I2C_DisableListen_IT), (60 bytes).
    Removing stm32f0xx_hal_i2c.o(i.HAL_I2C_ER_IRQHandler), (128 bytes).
    Removing stm32f0xx_hal_i2c.o(i.HAL_I2C_EV_IRQHandler), (30 bytes).
    Removing stm32f0xx_hal_i2c.o(i.HAL_I2C_EnableListen_IT), (44 bytes).
    Removing stm32f0xx_hal_i2c.o(i.HAL_I2C_ErrorCallback), (2 bytes).
    Removing stm32f0xx_hal_i2c.o(i.HAL_I2C_GetError), (6 bytes).
    Removing stm32f0xx_hal_i2c.o(i.HAL_I2C_GetMode), (8 bytes).
    Removing stm32f0xx_hal_i2c.o(i.HAL_I2C_GetState), (8 bytes).
    Removing stm32f0xx_hal_i2c.o(i.HAL_I2C_Init), (212 bytes).
    Removing stm32f0xx_hal_i2c.o(i.HAL_I2C_IsDeviceReady), (398 bytes).
    Removing stm32f0xx_hal_i2c.o(i.HAL_I2C_ListenCpltCallback), (2 bytes).
    Removing stm32f0xx_hal_i2c.o(i.HAL_I2C_MasterRxCpltCallback), (2 bytes).
    Removing stm32f0xx_hal_i2c.o(i.HAL_I2C_MasterTxCpltCallback), (2 bytes).
    Removing stm32f0xx_hal_i2c.o(i.HAL_I2C_Master_Abort_IT), (102 bytes).
    Removing stm32f0xx_hal_i2c.o(i.HAL_I2C_Master_Receive), (384 bytes).
    Removing stm32f0xx_hal_i2c.o(i.HAL_I2C_Master_Receive_DMA), (300 bytes).
    Removing stm32f0xx_hal_i2c.o(i.HAL_I2C_Master_Receive_IT), (172 bytes).
    Removing stm32f0xx_hal_i2c.o(i.HAL_I2C_Master_Sequential_Receive_IT), (160 bytes).
    Removing stm32f0xx_hal_i2c.o(i.HAL_I2C_Master_Sequential_Transmit_IT), (160 bytes).
    Removing stm32f0xx_hal_i2c.o(i.HAL_I2C_Master_Transmit), (380 bytes).
    Removing stm32f0xx_hal_i2c.o(i.HAL_I2C_Master_Transmit_DMA), (300 bytes).
    Removing stm32f0xx_hal_i2c.o(i.HAL_I2C_Master_Transmit_IT), (172 bytes).
    Removing stm32f0xx_hal_i2c.o(i.HAL_I2C_MemRxCpltCallback), (2 bytes).
    Removing stm32f0xx_hal_i2c.o(i.HAL_I2C_MemTxCpltCallback), (2 bytes).
    Removing stm32f0xx_hal_i2c.o(i.HAL_I2C_Mem_Read), (452 bytes).
    Removing stm32f0xx_hal_i2c.o(i.HAL_I2C_Mem_Read_DMA), (320 bytes).
    Removing stm32f0xx_hal_i2c.o(i.HAL_I2C_Mem_Read_IT), (256 bytes).
    Removing stm32f0xx_hal_i2c.o(i.HAL_I2C_Mem_Write), (452 bytes).
    Removing stm32f0xx_hal_i2c.o(i.HAL_I2C_Mem_Write_DMA), (320 bytes).
    Removing stm32f0xx_hal_i2c.o(i.HAL_I2C_Mem_Write_IT), (252 bytes).
    Removing stm32f0xx_hal_i2c.o(i.HAL_I2C_MspDeInit), (2 bytes).
    Removing stm32f0xx_hal_i2c.o(i.HAL_I2C_MspInit), (2 bytes).
    Removing stm32f0xx_hal_i2c.o(i.HAL_I2C_SlaveRxCpltCallback), (2 bytes).
    Removing stm32f0xx_hal_i2c.o(i.HAL_I2C_SlaveTxCpltCallback), (2 bytes).
    Removing stm32f0xx_hal_i2c.o(i.HAL_I2C_Slave_Receive), (406 bytes).
    Removing stm32f0xx_hal_i2c.o(i.HAL_I2C_Slave_Receive_DMA), (192 bytes).
    Removing stm32f0xx_hal_i2c.o(i.HAL_I2C_Slave_Receive_IT), (116 bytes).
    Removing stm32f0xx_hal_i2c.o(i.HAL_I2C_Slave_Sequential_Receive_IT), (172 bytes).
    Removing stm32f0xx_hal_i2c.o(i.HAL_I2C_Slave_Sequential_Transmit_IT), (176 bytes).
    Removing stm32f0xx_hal_i2c.o(i.HAL_I2C_Slave_Transmit), (422 bytes).
    Removing stm32f0xx_hal_i2c.o(i.HAL_I2C_Slave_Transmit_DMA), (192 bytes).
    Removing stm32f0xx_hal_i2c.o(i.HAL_I2C_Slave_Transmit_IT), (116 bytes).
    Removing stm32f0xx_hal_i2c.o(i.I2C_DMAAbort), (60 bytes).
    Removing stm32f0xx_hal_i2c.o(i.I2C_DMAError), (30 bytes).
    Removing stm32f0xx_hal_i2c.o(i.I2C_DMAMasterReceiveCplt), (86 bytes).
    Removing stm32f0xx_hal_i2c.o(i.I2C_DMAMasterTransmitCplt), (86 bytes).
    Removing stm32f0xx_hal_i2c.o(i.I2C_DMASlaveReceiveCplt), (2 bytes).
    Removing stm32f0xx_hal_i2c.o(i.I2C_DMASlaveTransmitCplt), (2 bytes).
    Removing stm32f0xx_hal_i2c.o(i.I2C_Disable_IRQ), (126 bytes).
    Removing stm32f0xx_hal_i2c.o(i.I2C_Enable_IRQ), (144 bytes).
    Removing stm32f0xx_hal_i2c.o(i.I2C_Flush_TXDR), (50 bytes).
    Removing stm32f0xx_hal_i2c.o(i.I2C_ITAddrCplt), (214 bytes).
    Removing stm32f0xx_hal_i2c.o(i.I2C_ITError), (280 bytes).
    Removing stm32f0xx_hal_i2c.o(i.I2C_ITListenCplt), (116 bytes).
    Removing stm32f0xx_hal_i2c.o(i.I2C_ITMasterCplt), (236 bytes).
    Removing stm32f0xx_hal_i2c.o(i.I2C_ITMasterSequentialCplt), (98 bytes).
    Removing stm32f0xx_hal_i2c.o(i.I2C_ITSlaveCplt), (316 bytes).
    Removing stm32f0xx_hal_i2c.o(i.I2C_ITSlaveSequentialCplt), (98 bytes).
    Removing stm32f0xx_hal_i2c.o(i.I2C_IsAcknowledgeFailed), (148 bytes).
    Removing stm32f0xx_hal_i2c.o(i.I2C_Master_ISR_DMA), (266 bytes).
    Removing stm32f0xx_hal_i2c.o(i.I2C_Master_ISR_IT), (428 bytes).
    Removing stm32f0xx_hal_i2c.o(i.I2C_RequestMemoryRead), (146 bytes).
    Removing stm32f0xx_hal_i2c.o(i.I2C_RequestMemoryWrite), (146 bytes).
    Removing stm32f0xx_hal_i2c.o(i.I2C_Slave_ISR_DMA), (158 bytes).
    Removing stm32f0xx_hal_i2c.o(i.I2C_Slave_ISR_IT), (352 bytes).
    Removing stm32f0xx_hal_i2c.o(i.I2C_TransferConfig), (48 bytes).
    Removing stm32f0xx_hal_i2c.o(i.I2C_WaitOnFlagUntilTimeout), (82 bytes).
    Removing stm32f0xx_hal_i2c.o(i.I2C_WaitOnRXNEFlagUntilTimeout), (152 bytes).
    Removing stm32f0xx_hal_i2c.o(i.I2C_WaitOnSTOPFlagUntilTimeout), (90 bytes).
    Removing stm32f0xx_hal_i2c.o(i.I2C_WaitOnTXISFlagUntilTimeout), (96 bytes).
    Removing stm32f0xx_hal_spi_ex.o(.rev16_text), (4 bytes).
    Removing stm32f0xx_hal_spi_ex.o(.revsh_text), (4 bytes).
    Removing stm32f0xx_hal_spi_ex.o(i.HAL_SPIEx_FlushRxFifo), (46 bytes).
    Removing stm32f0xx_hal_uart_ex.o(.rev16_text), (4 bytes).
    Removing stm32f0xx_hal_uart_ex.o(.revsh_text), (4 bytes).
    Removing stm32f0xx_hal_uart_ex.o(i.HAL_LIN_Init), (174 bytes).
    Removing stm32f0xx_hal_uart_ex.o(i.HAL_LIN_SendBreak), (62 bytes).
    Removing stm32f0xx_hal_uart_ex.o(i.HAL_MultiProcessorEx_AddressLength_Set), (66 bytes).
    Removing stm32f0xx_hal_uart_ex.o(i.HAL_RS485Ex_Init), (160 bytes).
    Removing stm32f0xx_hal_uart_ex.o(i.HAL_UARTEx_DisableStopMode), (62 bytes).
    Removing stm32f0xx_hal_uart_ex.o(i.HAL_UARTEx_EnableStopMode), (62 bytes).
    Removing stm32f0xx_hal_uart_ex.o(i.HAL_UARTEx_StopModeWakeUpSourceConfig), (156 bytes).
    Removing stm32f0xx_hal_uart_ex.o(i.HAL_UARTEx_WakeupCallback), (2 bytes).
    Removing stm32f0xx_hal_uart_ex.o(i.UARTEx_Wakeup_AddressConfig), (42 bytes).
    Removing stm32f0xx_hal_rcc.o(.rev16_text), (4 bytes).
    Removing stm32f0xx_hal_rcc.o(.revsh_text), (4 bytes).
    Removing stm32f0xx_hal_rcc.o(i.HAL_RCC_CSSCallback), (2 bytes).
    Removing stm32f0xx_hal_rcc.o(i.HAL_RCC_DeInit), (88 bytes).
    Removing stm32f0xx_hal_rcc.o(i.HAL_RCC_DisableCSS), (20 bytes).
    Removing stm32f0xx_hal_rcc.o(i.HAL_RCC_EnableCSS), (20 bytes).
    Removing stm32f0xx_hal_rcc.o(i.HAL_RCC_GetClockConfig), (56 bytes).
    Removing stm32f0xx_hal_rcc.o(i.HAL_RCC_GetOscConfig), (244 bytes).
    Removing stm32f0xx_hal_rcc.o(i.HAL_RCC_MCOConfig), (100 bytes).
    Removing stm32f0xx_hal_rcc.o(i.HAL_RCC_NMI_IRQHandler), (32 bytes).
    Removing stm32f0xx_hal_flash.o(.rev16_text), (4 bytes).
    Removing stm32f0xx_hal_flash.o(.revsh_text), (4 bytes).
    Removing stm32f0xx_hal_flash.o(i.FLASH_Program_HalfWord), (32 bytes).
    Removing stm32f0xx_hal_flash.o(i.FLASH_SetErrorCode), (72 bytes).
    Removing stm32f0xx_hal_flash.o(i.FLASH_WaitForLastOperation), (104 bytes).
    Removing stm32f0xx_hal_flash.o(i.HAL_FLASH_EndOfOperationCallback), (2 bytes).
    Removing stm32f0xx_hal_flash.o(i.HAL_FLASH_GetError), (12 bytes).
    Removing stm32f0xx_hal_flash.o(i.HAL_FLASH_IRQHandler), (396 bytes).
    Removing stm32f0xx_hal_flash.o(i.HAL_FLASH_Lock), (20 bytes).
    Removing stm32f0xx_hal_flash.o(i.HAL_FLASH_OB_Launch), (32 bytes).
    Removing stm32f0xx_hal_flash.o(i.HAL_FLASH_OB_Lock), (24 bytes).
    Removing stm32f0xx_hal_flash.o(i.HAL_FLASH_OB_Unlock), (48 bytes).
    Removing stm32f0xx_hal_flash.o(i.HAL_FLASH_OperationErrorCallback), (2 bytes).
    Removing stm32f0xx_hal_flash.o(i.HAL_FLASH_Program), (188 bytes).
    Removing stm32f0xx_hal_flash.o(i.HAL_FLASH_Program_IT), (120 bytes).
    Removing stm32f0xx_hal_flash.o(i.HAL_FLASH_Unlock), (44 bytes).
    Removing stm32f0xx_hal_flash.o(.bss), (32 bytes).
    Removing stm32f0xx_hal_pwr_ex.o(.rev16_text), (4 bytes).
    Removing stm32f0xx_hal_pwr_ex.o(.revsh_text), (4 bytes).
    Removing stm32f0xx_hal_pwr_ex.o(i.HAL_PWR_ConfigPVD), (176 bytes).
    Removing stm32f0xx_hal_pwr_ex.o(i.HAL_PWR_DisablePVD), (20 bytes).
    Removing stm32f0xx_hal_pwr_ex.o(i.HAL_PWR_EnablePVD), (20 bytes).
    Removing stm32f0xx_hal_pwr_ex.o(i.HAL_PWR_PVDCallback), (2 bytes).
    Removing stm32f0xx_hal_pwr_ex.o(i.HAL_PWR_PVD_IRQHandler), (36 bytes).
    Removing stm32f0xx_hal_flash_ex.o(.rev16_text), (4 bytes).
    Removing stm32f0xx_hal_flash_ex.o(.revsh_text), (4 bytes).
    Removing stm32f0xx_hal_flash_ex.o(i.FLASH_MassErase), (40 bytes).
    Removing stm32f0xx_hal_flash_ex.o(i.FLASH_OB_DisableWRP), (148 bytes).
    Removing stm32f0xx_hal_flash_ex.o(i.FLASH_OB_EnableWRP), (152 bytes).
    Removing stm32f0xx_hal_flash_ex.o(i.FLASH_OB_GetRDP), (36 bytes).
    Removing stm32f0xx_hal_flash_ex.o(i.FLASH_OB_GetUser), (20 bytes).
    Removing stm32f0xx_hal_flash_ex.o(i.FLASH_OB_GetWRP), (12 bytes).
    Removing stm32f0xx_hal_flash_ex.o(i.FLASH_OB_ProgramData), (76 bytes).
    Removing stm32f0xx_hal_flash_ex.o(i.FLASH_OB_RDP_LevelConfig), (128 bytes).
    Removing stm32f0xx_hal_flash_ex.o(i.FLASH_OB_UserConfig), (84 bytes).
    Removing stm32f0xx_hal_flash_ex.o(i.FLASH_PageErase), (44 bytes).
    Removing stm32f0xx_hal_flash_ex.o(i.HAL_FLASHEx_Erase), (172 bytes).
    Removing stm32f0xx_hal_flash_ex.o(i.HAL_FLASHEx_Erase_IT), (104 bytes).
    Removing stm32f0xx_hal_flash_ex.o(i.HAL_FLASHEx_OBErase), (100 bytes).
    Removing stm32f0xx_hal_flash_ex.o(i.HAL_FLASHEx_OBGetConfig), (28 bytes).
    Removing stm32f0xx_hal_flash_ex.o(i.HAL_FLASHEx_OBGetUserData), (40 bytes).
    Removing stm32f0xx_hal_flash_ex.o(i.HAL_FLASHEx_OBProgram), (208 bytes).
    Removing stm32f0xx_hal_rcc_ex.o(.rev16_text), (4 bytes).
    Removing stm32f0xx_hal_rcc_ex.o(.revsh_text), (4 bytes).
    Removing stm32f0xx_hal_rcc_ex.o(i.HAL_RCCEx_GetPeriphCLKConfig), (64 bytes).
    Removing stm32f0xx_hal_rcc_ex.o(i.HAL_RCCEx_GetPeriphCLKFreq), (308 bytes).
    Removing stm32f0xx_hal_gpio.o(.rev16_text), (4 bytes).
    Removing stm32f0xx_hal_gpio.o(.revsh_text), (4 bytes).
    Removing stm32f0xx_hal_gpio.o(i.HAL_GPIO_DeInit), (268 bytes).
    Removing stm32f0xx_hal_gpio.o(i.HAL_GPIO_EXTI_Callback), (2 bytes).
    Removing stm32f0xx_hal_gpio.o(i.HAL_GPIO_EXTI_IRQHandler), (32 bytes).
    Removing stm32f0xx_hal_gpio.o(i.HAL_GPIO_LockPin), (50 bytes).
    Removing stm32f0xx_hal_gpio.o(i.HAL_GPIO_ReadPin), (18 bytes).
    Removing stm32f0xx_hal_gpio.o(i.HAL_GPIO_TogglePin), (8 bytes).
    Removing stm32f0xx_hal_i2c_ex.o(.rev16_text), (4 bytes).
    Removing stm32f0xx_hal_i2c_ex.o(.revsh_text), (4 bytes).
    Removing stm32f0xx_hal_i2c_ex.o(i.HAL_I2CEx_ConfigAnalogFilter), (110 bytes).
    Removing stm32f0xx_hal_i2c_ex.o(i.HAL_I2CEx_ConfigDigitalFilter), (114 bytes).
    Removing stm32f0xx_hal_i2c_ex.o(i.HAL_I2CEx_DisableFastModePlus), (52 bytes).
    Removing stm32f0xx_hal_i2c_ex.o(i.HAL_I2CEx_DisableWakeUp), (100 bytes).
    Removing stm32f0xx_hal_i2c_ex.o(i.HAL_I2CEx_EnableFastModePlus), (52 bytes).
    Removing stm32f0xx_hal_i2c_ex.o(i.HAL_I2CEx_EnableWakeUp), (100 bytes).
    Removing stm32f0xx_hal_tim_ex.o(.rev16_text), (4 bytes).
    Removing stm32f0xx_hal_tim_ex.o(.revsh_text), (4 bytes).
    Removing stm32f0xx_hal_cortex.o(.rev16_text), (4 bytes).
    Removing stm32f0xx_hal_cortex.o(.revsh_text), (4 bytes).
    Removing stm32f0xx_hal_cortex.o(i.HAL_NVIC_ClearPendingIRQ), (24 bytes).
    Removing stm32f0xx_hal_cortex.o(i.HAL_NVIC_DisableIRQ), (24 bytes).
    Removing stm32f0xx_hal_cortex.o(i.HAL_NVIC_EnableIRQ), (24 bytes).
    Removing stm32f0xx_hal_cortex.o(i.HAL_NVIC_GetPendingIRQ), (40 bytes).
    Removing stm32f0xx_hal_cortex.o(i.HAL_NVIC_GetPriority), (72 bytes).
    Removing stm32f0xx_hal_cortex.o(i.HAL_NVIC_SetPendingIRQ), (24 bytes).
    Removing stm32f0xx_hal_cortex.o(i.HAL_NVIC_SystemReset), (56 bytes).
    Removing stm32f0xx_hal_uart.o(.rev16_text), (4 bytes).
    Removing stm32f0xx_hal_uart.o(.revsh_text), (4 bytes).
    Removing stm32f0xx_hal_uart.o(i.HAL_HalfDuplex_EnableReceiver), (74 bytes).
    Removing stm32f0xx_hal_uart.o(i.HAL_HalfDuplex_EnableTransmitter), (74 bytes).
    Removing stm32f0xx_hal_uart.o(i.HAL_HalfDuplex_Init), (132 bytes).
    Removing stm32f0xx_hal_uart.o(i.HAL_MultiProcessor_DisableMuteMode), (60 bytes).
    Removing stm32f0xx_hal_uart.o(i.HAL_MultiProcessor_EnableMuteMode), (60 bytes).
    Removing stm32f0xx_hal_uart.o(i.HAL_MultiProcessor_EnterMuteMode), (14 bytes).
    Removing stm32f0xx_hal_uart.o(i.HAL_MultiProcessor_Init), (164 bytes).
    Removing stm32f0xx_hal_uart.o(i.HAL_UART_Abort), (142 bytes).
    Removing stm32f0xx_hal_uart.o(i.HAL_UART_AbortCpltCallback), (2 bytes).
    Removing stm32f0xx_hal_uart.o(i.HAL_UART_AbortReceive), (92 bytes).
    Removing stm32f0xx_hal_uart.o(i.HAL_UART_AbortReceiveCpltCallback), (2 bytes).
    Removing stm32f0xx_hal_uart.o(i.HAL_UART_AbortReceive_IT), (140 bytes).
    Removing stm32f0xx_hal_uart.o(i.HAL_UART_AbortTransmit), (72 bytes).
    Removing stm32f0xx_hal_uart.o(i.HAL_UART_AbortTransmitCpltCallback), (2 bytes).
    Removing stm32f0xx_hal_uart.o(i.HAL_UART_AbortTransmit_IT), (116 bytes).
    Removing stm32f0xx_hal_uart.o(i.HAL_UART_Abort_IT), (244 bytes).
    Removing stm32f0xx_hal_uart.o(i.HAL_UART_DMAPause), (124 bytes).
    Removing stm32f0xx_hal_uart.o(i.HAL_UART_DMAResume), (110 bytes).
    Removing stm32f0xx_hal_uart.o(i.HAL_UART_DMAStop), (104 bytes).
    Removing stm32f0xx_hal_uart.o(i.HAL_UART_DeInit), (76 bytes).
    Removing stm32f0xx_hal_uart.o(i.HAL_UART_ErrorCallback), (2 bytes).
    Removing stm32f0xx_hal_uart.o(i.HAL_UART_GetError), (6 bytes).
    Removing stm32f0xx_hal_uart.o(i.HAL_UART_GetState), (20 bytes).
    Removing stm32f0xx_hal_uart.o(i.HAL_UART_IRQHandler), (448 bytes).
    Removing stm32f0xx_hal_uart.o(i.HAL_UART_MspDeInit), (2 bytes).
    Removing stm32f0xx_hal_uart.o(i.HAL_UART_MspInit), (2 bytes).
    Removing stm32f0xx_hal_uart.o(i.HAL_UART_Receive), (300 bytes).
    Removing stm32f0xx_hal_uart.o(i.HAL_UART_Receive_DMA), (204 bytes).
    Removing stm32f0xx_hal_uart.o(i.HAL_UART_Receive_IT), (204 bytes).
    Removing stm32f0xx_hal_uart.o(i.HAL_UART_RxCpltCallback), (2 bytes).
    Removing stm32f0xx_hal_uart.o(i.HAL_UART_RxHalfCpltCallback), (2 bytes).
    Removing stm32f0xx_hal_uart.o(i.HAL_UART_Transmit), (240 bytes).
    Removing stm32f0xx_hal_uart.o(i.HAL_UART_Transmit_DMA), (188 bytes).
    Removing stm32f0xx_hal_uart.o(i.HAL_UART_Transmit_IT), (124 bytes).
    Removing stm32f0xx_hal_uart.o(i.HAL_UART_TxCpltCallback), (2 bytes).
    Removing stm32f0xx_hal_uart.o(i.HAL_UART_TxHalfCpltCallback), (2 bytes).
    Removing stm32f0xx_hal_uart.o(i.UART_DMAAbortOnError), (24 bytes).
    Removing stm32f0xx_hal_uart.o(i.UART_DMAError), (86 bytes).
    Removing stm32f0xx_hal_uart.o(i.UART_DMAReceiveCplt), (76 bytes).
    Removing stm32f0xx_hal_uart.o(i.UART_DMARxAbortCallback), (68 bytes).
    Removing stm32f0xx_hal_uart.o(i.UART_DMARxHalfCplt), (14 bytes).
    Removing stm32f0xx_hal_uart.o(i.UART_DMARxOnlyAbortCallback), (32 bytes).
    Removing stm32f0xx_hal_uart.o(i.UART_DMATransmitCplt), (58 bytes).
    Removing stm32f0xx_hal_uart.o(i.UART_DMATxAbortCallback), (68 bytes).
    Removing stm32f0xx_hal_uart.o(i.UART_DMATxHalfCplt), (14 bytes).
    Removing stm32f0xx_hal_uart.o(i.UART_DMATxOnlyAbortCallback), (26 bytes).
    Removing stm32f0xx_hal_uart.o(i.UART_EndRxTransfer), (34 bytes).
    Removing stm32f0xx_hal_uart.o(i.UART_EndTransmit_IT), (32 bytes).
    Removing stm32f0xx_hal_uart.o(i.UART_EndTxTransfer), (20 bytes).
    Removing stm32f0xx_hal_uart.o(i.UART_Receive_IT), (142 bytes).
    Removing stm32f0xx_hal_uart.o(i.UART_Transmit_IT), (114 bytes).
    Removing stm32f0xx_hal_dma.o(.rev16_text), (4 bytes).
    Removing stm32f0xx_hal_dma.o(.revsh_text), (4 bytes).
    Removing stm32f0xx_hal_dma.o(i.DMA_CalcBaseAndBitshift), (32 bytes).
    Removing stm32f0xx_hal_dma.o(i.DMA_SetConfig), (42 bytes).
    Removing stm32f0xx_hal_dma.o(i.HAL_DMA_Abort), (56 bytes).
    Removing stm32f0xx_hal_dma.o(i.HAL_DMA_Abort_IT), (88 bytes).
    Removing stm32f0xx_hal_dma.o(i.HAL_DMA_DeInit), (80 bytes).
    Removing stm32f0xx_hal_dma.o(i.HAL_DMA_GetError), (6 bytes).
    Removing stm32f0xx_hal_dma.o(i.HAL_DMA_GetState), (8 bytes).
    Removing stm32f0xx_hal_dma.o(i.HAL_DMA_IRQHandler), (240 bytes).
    Removing stm32f0xx_hal_dma.o(i.HAL_DMA_Init), (100 bytes).
    Removing stm32f0xx_hal_dma.o(i.HAL_DMA_PollForTransfer), (236 bytes).
    Removing stm32f0xx_hal_dma.o(i.HAL_DMA_RegisterCallback), (92 bytes).
    Removing stm32f0xx_hal_dma.o(i.HAL_DMA_Start), (110 bytes).
    Removing stm32f0xx_hal_dma.o(i.HAL_DMA_Start_IT), (154 bytes).
    Removing stm32f0xx_hal_dma.o(i.HAL_DMA_UnRegisterCallback), (108 bytes).
    Removing stm32f0xx_hal.o(.rev16_text), (4 bytes).
    Removing stm32f0xx_hal.o(.revsh_text), (4 bytes).
    Removing stm32f0xx_hal.o(i.HAL_DBGMCU_DisableDBGStandbyMode), (20 bytes).
    Removing stm32f0xx_hal.o(i.HAL_DBGMCU_DisableDBGStopMode), (20 bytes).
    Removing stm32f0xx_hal.o(i.HAL_DBGMCU_EnableDBGStandbyMode), (20 bytes).
    Removing stm32f0xx_hal.o(i.HAL_DBGMCU_EnableDBGStopMode), (20 bytes).
    Removing stm32f0xx_hal.o(i.HAL_DeInit), (44 bytes).
    Removing stm32f0xx_hal.o(i.HAL_Delay), (32 bytes).
    Removing stm32f0xx_hal.o(i.HAL_GetDEVID), (16 bytes).
    Removing stm32f0xx_hal.o(i.HAL_GetHalVersion), (8 bytes).
    Removing stm32f0xx_hal.o(i.HAL_GetREVID), (12 bytes).
    Removing stm32f0xx_hal.o(i.HAL_GetUIDw0), (12 bytes).
    Removing stm32f0xx_hal.o(i.HAL_GetUIDw1), (12 bytes).
    Removing stm32f0xx_hal.o(i.HAL_GetUIDw2), (12 bytes).
    Removing stm32f0xx_hal.o(i.HAL_MspDeInit), (2 bytes).
    Removing stm32f0xx_hal.o(i.HAL_MspInit), (2 bytes).
    Removing stm32f0xx_hal.o(i.HAL_ResumeTick), (20 bytes).
    Removing stm32f0xx_hal.o(i.HAL_SuspendTick), (20 bytes).
    Removing stm32f0xx_hal_pwr.o(.rev16_text), (4 bytes).
    Removing stm32f0xx_hal_pwr.o(.revsh_text), (4 bytes).
    Removing stm32f0xx_hal_pwr.o(i.HAL_PWR_DeInit), (32 bytes).
    Removing stm32f0xx_hal_pwr.o(i.HAL_PWR_DisableBkUpAccess), (20 bytes).
    Removing stm32f0xx_hal_pwr.o(i.HAL_PWR_DisableSEVOnPend), (20 bytes).
    Removing stm32f0xx_hal_pwr.o(i.HAL_PWR_DisableSleepOnExit), (20 bytes).
    Removing stm32f0xx_hal_pwr.o(i.HAL_PWR_DisableWakeUpPin), (16 bytes).
    Removing stm32f0xx_hal_pwr.o(i.HAL_PWR_EnableBkUpAccess), (20 bytes).
    Removing stm32f0xx_hal_pwr.o(i.HAL_PWR_EnableSEVOnPend), (20 bytes).
    Removing stm32f0xx_hal_pwr.o(i.HAL_PWR_EnableSleepOnExit), (20 bytes).
    Removing stm32f0xx_hal_pwr.o(i.HAL_PWR_EnableWakeUpPin), (16 bytes).
    Removing stm32f0xx_hal_pwr.o(i.HAL_PWR_EnterSLEEPMode), (32 bytes).
    Removing stm32f0xx_hal_pwr.o(i.HAL_PWR_EnterSTANDBYMode), (40 bytes).
    Removing stm32f0xx_hal_pwr.o(i.HAL_PWR_EnterSTOPMode), (72 bytes).
    Removing stm32f0xx_hal_tim.o(.rev16_text), (4 bytes).
    Removing stm32f0xx_hal_tim.o(.revsh_text), (4 bytes).
    Removing stm32f0xx_hal_spi.o(.rev16_text), (4 bytes).
    Removing stm32f0xx_hal_spi.o(.revsh_text), (4 bytes).
    Removing stm32f0xx_hal_spi.o(i.HAL_SPI_Abort), (472 bytes).
    Removing stm32f0xx_hal_spi.o(i.HAL_SPI_AbortCpltCallback), (2 bytes).
    Removing stm32f0xx_hal_spi.o(i.HAL_SPI_Abort_IT), (492 bytes).
    Removing stm32f0xx_hal_spi.o(i.HAL_SPI_DMAPause), (50 bytes).
    Removing stm32f0xx_hal_spi.o(i.HAL_SPI_DMAResume), (50 bytes).
    Removing stm32f0xx_hal_spi.o(i.HAL_SPI_DMAStop), (50 bytes).
    Removing stm32f0xx_hal_spi.o(i.HAL_SPI_DeInit), (58 bytes).
    Removing stm32f0xx_hal_spi.o(i.HAL_SPI_ErrorCallback), (2 bytes).
    Removing stm32f0xx_hal_spi.o(i.HAL_SPI_GetError), (6 bytes).
    Removing stm32f0xx_hal_spi.o(i.HAL_SPI_GetState), (8 bytes).
    Removing stm32f0xx_hal_spi.o(i.HAL_SPI_IRQHandler), (344 bytes).
    Removing stm32f0xx_hal_spi.o(i.HAL_SPI_MspDeInit), (2 bytes).
    Removing stm32f0xx_hal_spi.o(i.HAL_SPI_MspInit), (2 bytes).
    Removing stm32f0xx_hal_spi.o(i.HAL_SPI_Receive), (448 bytes).
    Removing stm32f0xx_hal_spi.o(i.HAL_SPI_Receive_DMA), (436 bytes).
    Removing stm32f0xx_hal_spi.o(i.HAL_SPI_Receive_IT), (268 bytes).
    Removing stm32f0xx_hal_spi.o(i.HAL_SPI_RxCpltCallback), (2 bytes).
    Removing stm32f0xx_hal_spi.o(i.HAL_SPI_RxHalfCpltCallback), (2 bytes).
    Removing stm32f0xx_hal_spi.o(i.HAL_SPI_TransmitReceive_DMA), (576 bytes).
    Removing stm32f0xx_hal_spi.o(i.HAL_SPI_TransmitReceive_IT), (280 bytes).
    Removing stm32f0xx_hal_spi.o(i.HAL_SPI_Transmit_DMA), (320 bytes).
    Removing stm32f0xx_hal_spi.o(i.HAL_SPI_Transmit_IT), (200 bytes).
    Removing stm32f0xx_hal_spi.o(i.HAL_SPI_TxCpltCallback), (2 bytes).
    Removing stm32f0xx_hal_spi.o(i.HAL_SPI_TxHalfCpltCallback), (2 bytes).
    Removing stm32f0xx_hal_spi.o(i.HAL_SPI_TxRxCpltCallback), (2 bytes).
    Removing stm32f0xx_hal_spi.o(i.HAL_SPI_TxRxHalfCpltCallback), (2 bytes).
    Removing stm32f0xx_hal_spi.o(i.SPI_2linesRxISR_16BIT), (62 bytes).
    Removing stm32f0xx_hal_spi.o(i.SPI_2linesRxISR_8BIT), (118 bytes).
    Removing stm32f0xx_hal_spi.o(i.SPI_2linesTxISR_16BIT), (58 bytes).
    Removing stm32f0xx_hal_spi.o(i.SPI_2linesTxISR_8BIT), (84 bytes).
    Removing stm32f0xx_hal_spi.o(i.SPI_AbortRx_ISR), (160 bytes).
    Removing stm32f0xx_hal_spi.o(i.SPI_AbortTx_ISR), (156 bytes).
    Removing stm32f0xx_hal_spi.o(i.SPI_CloseRxTx_ISR), (102 bytes).
    Removing stm32f0xx_hal_spi.o(i.SPI_CloseRx_ISR), (72 bytes).
    Removing stm32f0xx_hal_spi.o(i.SPI_CloseTx_ISR), (100 bytes).
    Removing stm32f0xx_hal_spi.o(i.SPI_DMAAbortOnError), (24 bytes).
    Removing stm32f0xx_hal_spi.o(i.SPI_DMAError), (40 bytes).
    Removing stm32f0xx_hal_spi.o(i.SPI_DMAHalfReceiveCplt), (14 bytes).
    Removing stm32f0xx_hal_spi.o(i.SPI_DMAHalfTransmitCplt), (14 bytes).
    Removing stm32f0xx_hal_spi.o(i.SPI_DMAHalfTransmitReceiveCplt), (14 bytes).
    Removing stm32f0xx_hal_spi.o(i.SPI_DMAReceiveCplt), (102 bytes).
    Removing stm32f0xx_hal_spi.o(i.SPI_DMARxAbortCallback), (184 bytes).
    Removing stm32f0xx_hal_spi.o(i.SPI_DMATransmitCplt), (130 bytes).
    Removing stm32f0xx_hal_spi.o(i.SPI_DMATransmitReceiveCplt), (110 bytes).
    Removing stm32f0xx_hal_spi.o(i.SPI_DMATxAbortCallback), (180 bytes).
    Removing stm32f0xx_hal_spi.o(i.SPI_EndRxTransaction), (142 bytes).
    Removing stm32f0xx_hal_spi.o(i.SPI_RxISR_16BIT), (44 bytes).
    Removing stm32f0xx_hal_spi.o(i.SPI_RxISR_8BIT), (42 bytes).
    Removing stm32f0xx_hal_spi.o(i.SPI_TxISR_16BIT), (38 bytes).
    Removing stm32f0xx_hal_spi.o(i.SPI_TxISR_8BIT), (36 bytes).
    Removing stm32f0xx_hal_dma.o(i.__ARM_common_switch8), (28 bytes).

357 unused section(s) (total 33108 bytes) removed from the image.

==============================================================================

Image Symbol Table

    Local Symbols

    Symbol Name                              Value     Ov Type        Size  Object(Section)

    ../Drivers/STM32F0xx_HAL_Driver/Src/stm32f0xx_hal.c 0x00000000   Number         0  stm32f0xx_hal.o ABSOLUTE
    ../Drivers/STM32F0xx_HAL_Driver/Src/stm32f0xx_hal_cortex.c 0x00000000   Number         0  stm32f0xx_hal_cortex.o ABSOLUTE
    ../Drivers/STM32F0xx_HAL_Driver/Src/stm32f0xx_hal_dma.c 0x00000000   Number         0  stm32f0xx_hal_dma.o ABSOLUTE
    ../Drivers/STM32F0xx_HAL_Driver/Src/stm32f0xx_hal_flash.c 0x00000000   Number         0  stm32f0xx_hal_flash.o ABSOLUTE
    ../Drivers/STM32F0xx_HAL_Driver/Src/stm32f0xx_hal_flash_ex.c 0x00000000   Number         0  stm32f0xx_hal_flash_ex.o ABSOLUTE
    ../Drivers/STM32F0xx_HAL_Driver/Src/stm32f0xx_hal_gpio.c 0x00000000   Number         0  stm32f0xx_hal_gpio.o ABSOLUTE
    ../Drivers/STM32F0xx_HAL_Driver/Src/stm32f0xx_hal_i2c.c 0x00000000   Number         0  stm32f0xx_hal_i2c.o ABSOLUTE
    ../Drivers/STM32F0xx_HAL_Driver/Src/stm32f0xx_hal_i2c_ex.c 0x00000000   Number         0  stm32f0xx_hal_i2c_ex.o ABSOLUTE
    ../Drivers/STM32F0xx_HAL_Driver/Src/stm32f0xx_hal_pwr.c 0x00000000   Number         0  stm32f0xx_hal_pwr.o ABSOLUTE
    ../Drivers/STM32F0xx_HAL_Driver/Src/stm32f0xx_hal_pwr_ex.c 0x00000000   Number         0  stm32f0xx_hal_pwr_ex.o ABSOLUTE
    ../Drivers/STM32F0xx_HAL_Driver/Src/stm32f0xx_hal_rcc.c 0x00000000   Number         0  stm32f0xx_hal_rcc.o ABSOLUTE
    ../Drivers/STM32F0xx_HAL_Driver/Src/stm32f0xx_hal_rcc_ex.c 0x00000000   Number         0  stm32f0xx_hal_rcc_ex.o ABSOLUTE
    ../Drivers/STM32F0xx_HAL_Driver/Src/stm32f0xx_hal_spi.c 0x00000000   Number         0  stm32f0xx_hal_spi.o ABSOLUTE
    ../Drivers/STM32F0xx_HAL_Driver/Src/stm32f0xx_hal_spi_ex.c 0x00000000   Number         0  stm32f0xx_hal_spi_ex.o ABSOLUTE
    ../Drivers/STM32F0xx_HAL_Driver/Src/stm32f0xx_hal_tim.c 0x00000000   Number         0  stm32f0xx_hal_tim.o ABSOLUTE
    ../Drivers/STM32F0xx_HAL_Driver/Src/stm32f0xx_hal_tim_ex.c 0x00000000   Number         0  stm32f0xx_hal_tim_ex.o ABSOLUTE
    ../Drivers/STM32F0xx_HAL_Driver/Src/stm32f0xx_hal_uart.c 0x00000000   Number         0  stm32f0xx_hal_uart.o ABSOLUTE
    ../Drivers/STM32F0xx_HAL_Driver/Src/stm32f0xx_hal_uart_ex.c 0x00000000   Number         0  stm32f0xx_hal_uart_ex.o ABSOLUTE
    ../Src/main.c                            0x00000000   Number         0  main.o ABSOLUTE
    ../Src/stm32f0xx_hal_msp.c               0x00000000   Number         0  stm32f0xx_hal_msp.o ABSOLUTE
    ../Src/stm32f0xx_it.c                    0x00000000   Number         0  stm32f0xx_it.o ABSOLUTE
    ../Src/system_stm32f0xx.c                0x00000000   Number         0  system_stm32f0xx.o ABSOLUTE
    ../clib/microlib/division.c              0x00000000   Number         0  uidiv.o ABSOLUTE
    ../clib/microlib/division.c              0x00000000   Number         0  uldiv.o ABSOLUTE
    ../clib/microlib/init/entry.s            0x00000000   Number         0  entry9a.o ABSOLUTE
    ../clib/microlib/init/entry.s            0x00000000   Number         0  entry8b.o ABSOLUTE
    ../clib/microlib/init/entry.s            0x00000000   Number         0  entry.o ABSOLUTE
    ../clib/microlib/init/entry.s            0x00000000   Number         0  entry8a.o ABSOLUTE
    ../clib/microlib/init/entry.s            0x00000000   Number         0  entry7b.o ABSOLUTE
    ../clib/microlib/init/entry.s            0x00000000   Number         0  entry7a.o ABSOLUTE
    ../clib/microlib/init/entry.s            0x00000000   Number         0  entry5.o ABSOLUTE
    ../clib/microlib/init/entry.s            0x00000000   Number         0  entry2.o ABSOLUTE
    ../clib/microlib/init/entry.s            0x00000000   Number         0  entry11b.o ABSOLUTE
    ../clib/microlib/init/entry.s            0x00000000   Number         0  entry11a.o ABSOLUTE
    ../clib/microlib/init/entry.s            0x00000000   Number         0  entry10b.o ABSOLUTE
    ../clib/microlib/init/entry.s            0x00000000   Number         0  entry10a.o ABSOLUTE
    ../clib/microlib/init/entry.s            0x00000000   Number         0  entry9b.o ABSOLUTE
    ../clib/microlib/longlong.c              0x00000000   Number         0  llushr.o ABSOLUTE
    ../clib/microlib/longlong.c              0x00000000   Number         0  llsshr.o ABSOLUTE
    ../clib/microlib/longlong.c              0x00000000   Number         0  llshl.o ABSOLUTE
    ../clib/microlib/malloc/malloc.c         0x00000000   Number         0  malloca.o ABSOLUTE
    ../clib/microlib/malloc/malloc.c         0x00000000   Number         0  malloc.o ABSOLUTE
    ../clib/microlib/malloc/malloc.c         0x00000000   Number         0  mallocr.o ABSOLUTE
    ../clib/microlib/malloc/malloc.c         0x00000000   Number         0  mallocra.o ABSOLUTE
    ../clib/microlib/malloc/mvars.c          0x00000000   Number         0  mvars.o ABSOLUTE
    ../clib/microlib/printf/printf.c         0x00000000   Number         0  printfb.o ABSOLUTE
    ../clib/microlib/printf/printf.c         0x00000000   Number         0  printf5.o ABSOLUTE
    ../clib/microlib/printf/printf.c         0x00000000   Number         0  printf3.o ABSOLUTE
    ../clib/microlib/printf/printf.c         0x00000000   Number         0  printf2.o ABSOLUTE
    ../clib/microlib/printf/printf.c         0x00000000   Number         0  printf1.o ABSOLUTE
    ../clib/microlib/printf/printf.c         0x00000000   Number         0  printf0.o ABSOLUTE
    ../clib/microlib/printf/printf.c         0x00000000   Number         0  printf4.o ABSOLUTE
    ../clib/microlib/printf/printf.c         0x00000000   Number         0  printf7.o ABSOLUTE
    ../clib/microlib/printf/printf.c         0x00000000   Number         0  printfa.o ABSOLUTE
    ../clib/microlib/printf/printf.c         0x00000000   Number         0  printf8.o ABSOLUTE
    ../clib/microlib/printf/printf.c         0x00000000   Number         0  printf6.o ABSOLUTE
    ../clib/microlib/printf/stubs.s          0x00000000   Number         0  stubs.o ABSOLUTE
    ../clib/microlib/stdio/streams.c         0x00000000   Number         0  stdout.o ABSOLUTE
    ../clib/microlib/string/memcpy.c         0x00000000   Number         0  memcpyb.o ABSOLUTE
    ../clib/microlib/string/memcpy.c         0x00000000   Number         0  memcpya.o ABSOLUTE
    ../clib/microlib/stubs.s                 0x00000000   Number         0  iusefp.o ABSOLUTE
    ../fplib/microlib/f2d.c                  0x00000000   Number         0  f2d.o ABSOLUTE
    ../fplib/microlib/fpadd.c                0x00000000   Number         0  dadd.o ABSOLUTE
    ../fplib/microlib/fpadd.c                0x00000000   Number         0  fadd.o ABSOLUTE
    ../fplib/microlib/fpdiv.c                0x00000000   Number         0  ddiv.o ABSOLUTE
    ../fplib/microlib/fpdiv.c                0x00000000   Number         0  fdiv.o ABSOLUTE
    ../fplib/microlib/fpepilogue.c           0x00000000   Number         0  depilogue.o ABSOLUTE
    ../fplib/microlib/fpepilogue.c           0x00000000   Number         0  fepilogue.o ABSOLUTE
    ../fplib/microlib/fpfix.c                0x00000000   Number         0  dfixul.o ABSOLUTE
    ../fplib/microlib/fpflt.c                0x00000000   Number         0  fflti.o ABSOLUTE
    ../fplib/microlib/fpmul.c                0x00000000   Number         0  fmul.o ABSOLUTE
    ../fplib/microlib/fpmul.c                0x00000000   Number         0  dmul.o ABSOLUTE
    ..\Drivers\STM32F0xx_HAL_Driver\Src\stm32f0xx_hal.c 0x00000000   Number         0  stm32f0xx_hal.o ABSOLUTE
    ..\Drivers\STM32F0xx_HAL_Driver\Src\stm32f0xx_hal_cortex.c 0x00000000   Number         0  stm32f0xx_hal_cortex.o ABSOLUTE
    ..\Drivers\STM32F0xx_HAL_Driver\Src\stm32f0xx_hal_dma.c 0x00000000   Number         0  stm32f0xx_hal_dma.o ABSOLUTE
    ..\Drivers\STM32F0xx_HAL_Driver\Src\stm32f0xx_hal_flash.c 0x00000000   Number         0  stm32f0xx_hal_flash.o ABSOLUTE
    ..\Drivers\STM32F0xx_HAL_Driver\Src\stm32f0xx_hal_flash_ex.c 0x00000000   Number         0  stm32f0xx_hal_flash_ex.o ABSOLUTE
    ..\Drivers\STM32F0xx_HAL_Driver\Src\stm32f0xx_hal_gpio.c 0x00000000   Number         0  stm32f0xx_hal_gpio.o ABSOLUTE
    ..\Drivers\STM32F0xx_HAL_Driver\Src\stm32f0xx_hal_i2c.c 0x00000000   Number         0  stm32f0xx_hal_i2c.o ABSOLUTE
    ..\Drivers\STM32F0xx_HAL_Driver\Src\stm32f0xx_hal_i2c_ex.c 0x00000000   Number         0  stm32f0xx_hal_i2c_ex.o ABSOLUTE
    ..\Drivers\STM32F0xx_HAL_Driver\Src\stm32f0xx_hal_pwr.c 0x00000000   Number         0  stm32f0xx_hal_pwr.o ABSOLUTE
    ..\Drivers\STM32F0xx_HAL_Driver\Src\stm32f0xx_hal_pwr_ex.c 0x00000000   Number         0  stm32f0xx_hal_pwr_ex.o ABSOLUTE
    ..\Drivers\STM32F0xx_HAL_Driver\Src\stm32f0xx_hal_rcc.c 0x00000000   Number         0  stm32f0xx_hal_rcc.o ABSOLUTE
    ..\Drivers\STM32F0xx_HAL_Driver\Src\stm32f0xx_hal_rcc_ex.c 0x00000000   Number         0  stm32f0xx_hal_rcc_ex.o ABSOLUTE
    ..\Drivers\STM32F0xx_HAL_Driver\Src\stm32f0xx_hal_spi.c 0x00000000   Number         0  stm32f0xx_hal_spi.o ABSOLUTE
    ..\Drivers\STM32F0xx_HAL_Driver\Src\stm32f0xx_hal_spi_ex.c 0x00000000   Number         0  stm32f0xx_hal_spi_ex.o ABSOLUTE
    ..\Drivers\STM32F0xx_HAL_Driver\Src\stm32f0xx_hal_tim.c 0x00000000   Number         0  stm32f0xx_hal_tim.o ABSOLUTE
    ..\Drivers\STM32F0xx_HAL_Driver\Src\stm32f0xx_hal_tim_ex.c 0x00000000   Number         0  stm32f0xx_hal_tim_ex.o ABSOLUTE
    ..\Drivers\STM32F0xx_HAL_Driver\Src\stm32f0xx_hal_uart.c 0x00000000   Number         0  stm32f0xx_hal_uart.o ABSOLUTE
    ..\Drivers\STM32F0xx_HAL_Driver\Src\stm32f0xx_hal_uart_ex.c 0x00000000   Number         0  stm32f0xx_hal_uart_ex.o ABSOLUTE
    ..\Src\MPU6500.c                         0x00000000   Number         0  mpu6500.o ABSOLUTE
    ..\Src\MPU6500_SYS.c                     0x00000000   Number         0  mpu6500_sys.o ABSOLUTE
    ..\Src\imu.c                             0x00000000   Number         0  imu.o ABSOLUTE
    ..\Src\main.c                            0x00000000   Number         0  main.o ABSOLUTE
    ..\Src\matrix.c                          0x00000000   Number         0  matrix.o ABSOLUTE
    ..\Src\mpu6500_bsp.c                     0x00000000   Number         0  mpu6500_bsp.o ABSOLUTE
    ..\Src\stm32f0xx_hal_msp.c               0x00000000   Number         0  stm32f0xx_hal_msp.o ABSOLUTE
    ..\Src\stm32f0xx_it.c                    0x00000000   Number         0  stm32f0xx_it.o ABSOLUTE
    ..\Src\system_stm32f0xx.c                0x00000000   Number         0  system_stm32f0xx.o ABSOLUTE
    ..\Src\uart.c                            0x00000000   Number         0  uart.o ABSOLUTE
    ..\\Src\\MPU6500.c                       0x00000000   Number         0  mpu6500.o ABSOLUTE
    ..\\Src\\MPU6500_SYS.c                   0x00000000   Number         0  mpu6500_sys.o ABSOLUTE
    ..\\Src\\imu.c                           0x00000000   Number         0  imu.o ABSOLUTE
    ..\\Src\\mpu6500_bsp.c                   0x00000000   Number         0  mpu6500_bsp.o ABSOLUTE
    ..\\Src\\uart.c                          0x00000000   Number         0  uart.o ABSOLUTE
    cdrcmple.s                               0x00000000   Number         0  cdrcmple.o ABSOLUTE
    cfcmple.s                                0x00000000   Number         0  cfcmple.o ABSOLUTE
    dc.s                                     0x00000000   Number         0  dc.o ABSOLUTE
    handlers.s                               0x00000000   Number         0  handlers.o ABSOLUTE
    init.s                                   0x00000000   Number         0  init.o ABSOLUTE
    startup_stm32f051x8.s                    0x00000000   Number         0  startup_stm32f051x8.o ABSOLUTE
    RESET                                    0x08000000   Section      188  startup_stm32f051x8.o(RESET)
    .ARM.Collect$$$$00000000                 0x080000bc   Section        0  entry.o(.ARM.Collect$$$$00000000)
    .ARM.Collect$$$$00000001                 0x080000bc   Section        4  entry2.o(.ARM.Collect$$$$00000001)
    .ARM.Collect$$$$00000004                 0x080000c0   Section        4  entry5.o(.ARM.Collect$$$$00000004)
    .ARM.Collect$$$$00000008                 0x080000c4   Section        0  entry7b.o(.ARM.Collect$$$$00000008)
    .ARM.Collect$$$$0000000A                 0x080000c4   Section        0  entry8b.o(.ARM.Collect$$$$0000000A)
    .ARM.Collect$$$$0000000B                 0x080000c4   Section        8  entry9a.o(.ARM.Collect$$$$0000000B)
    .ARM.Collect$$$$0000000D                 0x080000cc   Section        0  entry10a.o(.ARM.Collect$$$$0000000D)
    .ARM.Collect$$$$0000000F                 0x080000cc   Section        0  entry11a.o(.ARM.Collect$$$$0000000F)
    .ARM.Collect$$$$00002712                 0x080000cc   Section        4  entry2.o(.ARM.Collect$$$$00002712)
    __lit__00000000                          0x080000cc   Data           4  entry2.o(.ARM.Collect$$$$00002712)
    .text                                    0x080000d0   Section       28  startup_stm32f051x8.o(.text)
    .text                                    0x080000ec   Section        0  uidiv.o(.text)
    .text                                    0x08000118   Section        0  llushr.o(.text)
    .text                                    0x0800013a   Section        0  fadd.o(.text)
    .text                                    0x080001ec   Section        0  fmul.o(.text)
    .text                                    0x08000266   Section        0  fdiv.o(.text)
    .text                                    0x080002e2   Section        0  fflti.o(.text)
    .text                                    0x080002f8   Section        0  f2d.o(.text)
    .text                                    0x08000320   Section       20  cfcmple.o(.text)
    .text                                    0x08000334   Section        0  uldiv.o(.text)
    .text                                    0x08000394   Section        0  fepilogue.o(.text)
    .text                                    0x08000394   Section        0  iusefp.o(.text)
    .text                                    0x08000418   Section        0  dadd.o(.text)
    .text                                    0x0800057c   Section        0  dmul.o(.text)
    .text                                    0x0800064c   Section        0  ddiv.o(.text)
    .text                                    0x0800073c   Section        0  dfixul.o(.text)
    .text                                    0x0800077c   Section       40  cdrcmple.o(.text)
    .text                                    0x080007a4   Section       36  init.o(.text)
    .text                                    0x080007c8   Section        0  llshl.o(.text)
    .text                                    0x080007e8   Section        0  llsshr.o(.text)
    .text                                    0x0800080e   Section        0  depilogue.o(.text)
    i.HAL_GPIO_Init                          0x080008cc   Section        0  stm32f0xx_hal_gpio.o(i.HAL_GPIO_Init)
    i.HAL_GPIO_WritePin                      0x08000abc   Section        0  stm32f0xx_hal_gpio.o(i.HAL_GPIO_WritePin)
    i.HAL_GetTick                            0x08000ac8   Section        0  stm32f0xx_hal.o(i.HAL_GetTick)
    i.HAL_IncTick                            0x08000ad4   Section        0  stm32f0xx_hal.o(i.HAL_IncTick)
    i.HAL_Init                               0x08000ae4   Section        0  stm32f0xx_hal.o(i.HAL_Init)
    i.HAL_InitTick                           0x08000b04   Section        0  stm32f0xx_hal.o(i.HAL_InitTick)
    i.HAL_MspInit                            0x08000b2c   Section        0  stm32f0xx_hal_msp.o(i.HAL_MspInit)
    i.HAL_NVIC_SetPriority                   0x08000b70   Section        0  stm32f0xx_hal_cortex.o(i.HAL_NVIC_SetPriority)
    i.HAL_RCCEx_PeriphCLKConfig              0x08000b84   Section        0  stm32f0xx_hal_rcc_ex.o(i.HAL_RCCEx_PeriphCLKConfig)
    i.HAL_RCC_ClockConfig                    0x08000cf0   Section        0  stm32f0xx_hal_rcc.o(i.HAL_RCC_ClockConfig)
    i.HAL_RCC_GetHCLKFreq                    0x08000e84   Section        0  stm32f0xx_hal_rcc.o(i.HAL_RCC_GetHCLKFreq)
    i.HAL_RCC_GetPCLK1Freq                   0x08000e90   Section        0  stm32f0xx_hal_rcc.o(i.HAL_RCC_GetPCLK1Freq)
    i.HAL_RCC_GetSysClockFreq                0x08000eb4   Section        0  stm32f0xx_hal_rcc.o(i.HAL_RCC_GetSysClockFreq)
    i.HAL_RCC_OscConfig                      0x08000f78   Section        0  stm32f0xx_hal_rcc.o(i.HAL_RCC_OscConfig)
    i.HAL_SPI_Init                           0x080014c4   Section        0  stm32f0xx_hal_spi.o(i.HAL_SPI_Init)
    i.HAL_SPI_MspInit                        0x080015a0   Section        0  stm32f0xx_hal_msp.o(i.HAL_SPI_MspInit)
    i.HAL_SPI_Transmit                       0x080015f4   Section        0  stm32f0xx_hal_spi.o(i.HAL_SPI_Transmit)
    i.HAL_SPI_TransmitReceive                0x080017d2   Section        0  stm32f0xx_hal_spi.o(i.HAL_SPI_TransmitReceive)
    i.HAL_SYSTICK_CLKSourceConfig            0x08001a9c   Section        0  stm32f0xx_hal_cortex.o(i.HAL_SYSTICK_CLKSourceConfig)
    i.HAL_SYSTICK_Callback                   0x08001ac0   Section        0  stm32f0xx_hal_cortex.o(i.HAL_SYSTICK_Callback)
    i.HAL_SYSTICK_Config                     0x08001ac4   Section        0  stm32f0xx_hal_cortex.o(i.HAL_SYSTICK_Config)
    i.HAL_SYSTICK_IRQHandler                 0x08001afc   Section        0  stm32f0xx_hal_cortex.o(i.HAL_SYSTICK_IRQHandler)
    i.HAL_UART_Init                          0x08001b04   Section        0  stm32f0xx_hal_uart.o(i.HAL_UART_Init)
    i.HAL_UART_MspInit                       0x08001b88   Section        0  stm32f0xx_hal_msp.o(i.HAL_UART_MspInit)
    i.HardFault_Handler                      0x08001be4   Section        0  stm32f0xx_it.o(i.HardFault_Handler)
    i.MX_GPIO_Init                           0x08001be8   Section        0  mpu6500_bsp.o(i.MX_GPIO_Init)
    i.MX_SPI1_Init                           0x08001c7c   Section        0  mpu6500.o(i.MX_SPI1_Init)
    i.MX_USART1_UART_Init                    0x08001cf8   Section        0  uart.o(i.MX_USART1_UART_Init)
    i.NMI_Handler                            0x08001d50   Section        0  stm32f0xx_it.o(i.NMI_Handler)
    i.NVIC_SetPriority                       0x08001d54   Section        0  stm32f0xx_hal_cortex.o(i.NVIC_SetPriority)
    NVIC_SetPriority                         0x08001d55   Thumb Code   110  stm32f0xx_hal_cortex.o(i.NVIC_SetPriority)
    i.PendSV_Handler                         0x08001dcc   Section        0  stm32f0xx_it.o(i.PendSV_Handler)
    i.ReadMPU6500_Reg                        0x08001dd0   Section        0  mpu6500.o(i.ReadMPU6500_Reg)
    i.SPI_EndRxTxTransaction                 0x08001e18   Section        0  stm32f0xx_hal_spi.o(i.SPI_EndRxTxTransaction)
    SPI_EndRxTxTransaction                   0x08001e19   Thumb Code   106  stm32f0xx_hal_spi.o(i.SPI_EndRxTxTransaction)
    i.SPI_WaitFifoStateUntilTimeout          0x08001e82   Section        0  stm32f0xx_hal_spi.o(i.SPI_WaitFifoStateUntilTimeout)
    SPI_WaitFifoStateUntilTimeout            0x08001e83   Thumb Code   180  stm32f0xx_hal_spi.o(i.SPI_WaitFifoStateUntilTimeout)
    i.SPI_WaitFlagStateUntilTimeout          0x08001f36   Section        0  stm32f0xx_hal_spi.o(i.SPI_WaitFlagStateUntilTimeout)
    SPI_WaitFlagStateUntilTimeout            0x08001f37   Thumb Code   168  stm32f0xx_hal_spi.o(i.SPI_WaitFlagStateUntilTimeout)
    i.SVC_Handler                            0x08001fde   Section        0  stm32f0xx_it.o(i.SVC_Handler)
    i.SysTick_Handler                        0x08001fe0   Section        0  stm32f0xx_it.o(i.SysTick_Handler)
    i.SystemClock_Config                     0x08001fec   Section        0  mpu6500_sys.o(i.SystemClock_Config)
    i.SystemInit                             0x0800209c   Section        0  system_stm32f0xx.o(i.SystemInit)
    i.UART_AdvFeatureConfig                  0x08002110   Section        0  stm32f0xx_hal_uart.o(i.UART_AdvFeatureConfig)
    i.UART_CheckIdleState                    0x08002200   Section        0  stm32f0xx_hal_uart.o(i.UART_CheckIdleState)
    i.UART_SetConfig                         0x08002280   Section        0  stm32f0xx_hal_uart.o(i.UART_SetConfig)
    i.UART_WaitOnFlagUntilTimeout            0x08002464   Section        0  stm32f0xx_hal_uart.o(i.UART_WaitOnFlagUntilTimeout)
    i.WritMPU6500_Reg                        0x080024d4   Section        0  mpu6500.o(i.WritMPU6500_Reg)
    i._Error_Handler                         0x0800250c   Section        0  main.o(i._Error_Handler)
    i.__0printf                              0x08002510   Section        0  printfa.o(i.__0printf)
    i.__ARM_clz                              0x08002530   Section        0  depilogue.o(i.__ARM_clz)
    i.__scatterload_copy                     0x0800255e   Section       14  handlers.o(i.__scatterload_copy)
    i.__scatterload_null                     0x0800256c   Section        2  handlers.o(i.__scatterload_null)
    i.__scatterload_zeroinit                 0x0800256e   Section       14  handlers.o(i.__scatterload_zeroinit)
    i._fp_digits                             0x0800257c   Section        0  printfa.o(i._fp_digits)
    _fp_digits                               0x0800257d   Thumb Code   344  printfa.o(i._fp_digits)
    i._printf_core                           0x080026f0   Section        0  printfa.o(i._printf_core)
    _printf_core                             0x080026f1   Thumb Code  1754  printfa.o(i._printf_core)
    i._printf_post_padding                   0x08002ddc   Section        0  printfa.o(i._printf_post_padding)
    _printf_post_padding                     0x08002ddd   Thumb Code    32  printfa.o(i._printf_post_padding)
    i._printf_pre_padding                    0x08002dfc   Section        0  printfa.o(i._printf_pre_padding)
    _printf_pre_padding                      0x08002dfd   Thumb Code    44  printfa.o(i._printf_pre_padding)
    i.fputc                                  0x08002e28   Section        0  uart.o(i.fputc)
    i.free                                   0x08002e44   Section        0  malloc.o(i.free)
    i.main                                   0x08002e98   Section        0  main.o(i.main)
    i.malloc                                 0x08003150   Section        0  malloc.o(i.malloc)
    i.matrix_add                             0x080031bc   Section        0  matrix.o(i.matrix_add)
    i.matrix_det                             0x08003244   Section        0  matrix.o(i.matrix_det)
    i.matrix_free                            0x08003420   Section        0  matrix.o(i.matrix_free)
    i.matrix_init                            0x0800342c   Section        0  matrix.o(i.matrix_init)
    i.matrix_inverse                         0x08003440   Section        0  matrix.o(i.matrix_inverse)
    i.matrix_multiply                        0x08003782   Section        0  matrix.o(i.matrix_multiply)
    i.matrix_read                            0x08003828   Section        0  matrix.o(i.matrix_read)
    i.matrix_set_m                           0x08003850   Section        0  matrix.o(i.matrix_set_m)
    i.matrix_set_n                           0x08003854   Section        0  matrix.o(i.matrix_set_n)
    i.matrix_subtract                        0x08003858   Section        0  matrix.o(i.matrix_subtract)
    i.matrix_transpos                        0x080038e0   Section        0  matrix.o(i.matrix_transpos)
    i.matrix_write                           0x08003934   Section        0  matrix.o(i.matrix_write)
    i.printf_matrix                          0x0800395c   Section        0  uart.o(i.printf_matrix)
    .constdata                               0x080039d0   Section       24  system_stm32f0xx.o(.constdata)
    .data                                    0x20000000   Section        4  main.o(.data)
    .data                                    0x20000004   Section        4  system_stm32f0xx.o(.data)
    .data                                    0x20000008   Section        4  stm32f0xx_hal.o(.data)
    .data                                    0x2000000c   Section        4  stdout.o(.data)
    .data                                    0x20000010   Section        4  mvars.o(.data)
    .data                                    0x20000014   Section        4  mvars.o(.data)
    .bss                                     0x20000018   Section      100  mpu6500.o(.bss)
    .bss                                     0x2000007c   Section      256  uart.o(.bss)
    HEAP                                     0x20000180   Section      512  startup_stm32f051x8.o(HEAP)
    STACK                                    0x20000380   Section     1024  startup_stm32f051x8.o(STACK)

    Global Symbols

    Symbol Name                              Value     Ov Type        Size  Object(Section)

    BuildAttributes$$THM_ISAv3M$S$PE$A:L22$X:L11$S22$IEEE1$IW$USESV6$~STKCKD$USESV7$~SHL$OTIME$ROPI$EBA8$MICROLIB$REQ8$PRES8$EABIv2 0x00000000   Number         0  anon$$obj.o ABSOLUTE
    __ARM_use_no_argv                        0x00000000   Number         0  main.o ABSOLUTE
    _printf_a                                0x00000000   Number         0  stubs.o ABSOLUTE
    _printf_c                                0x00000000   Number         0  stubs.o ABSOLUTE
    _printf_charcount                        0x00000000   Number         0  stubs.o ABSOLUTE
    _printf_d                                0x00000000   Number         0  stubs.o ABSOLUTE
    _printf_e                                0x00000000   Number         0  stubs.o ABSOLUTE
    _printf_f                                0x00000000   Number         0  stubs.o ABSOLUTE
    _printf_flags                            0x00000000   Number         0  stubs.o ABSOLUTE
    _printf_fp_dec                           0x00000000   Number         0  stubs.o ABSOLUTE
    _printf_fp_hex                           0x00000000   Number         0  stubs.o ABSOLUTE
    _printf_g                                0x00000000   Number         0  stubs.o ABSOLUTE
    _printf_i                                0x00000000   Number         0  stubs.o ABSOLUTE
    _printf_int_dec                          0x00000000   Number         0  stubs.o ABSOLUTE
    _printf_l                                0x00000000   Number         0  stubs.o ABSOLUTE
    _printf_lc                               0x00000000   Number         0  stubs.o ABSOLUTE
    _printf_ll                               0x00000000   Number         0  stubs.o ABSOLUTE
    _printf_lld                              0x00000000   Number         0  stubs.o ABSOLUTE
    _printf_lli                              0x00000000   Number         0  stubs.o ABSOLUTE
    _printf_llo                              0x00000000   Number         0  stubs.o ABSOLUTE
    _printf_llu                              0x00000000   Number         0  stubs.o ABSOLUTE
    _printf_llx                              0x00000000   Number         0  stubs.o ABSOLUTE
    _printf_longlong_dec                     0x00000000   Number         0  stubs.o ABSOLUTE
    _printf_longlong_hex                     0x00000000   Number         0  stubs.o ABSOLUTE
    _printf_longlong_oct                     0x00000000   Number         0  stubs.o ABSOLUTE
    _printf_ls                               0x00000000   Number         0  stubs.o ABSOLUTE
    _printf_mbtowc                           0x00000000   Number         0  stubs.o ABSOLUTE
    _printf_n                                0x00000000   Number         0  stubs.o ABSOLUTE
    _printf_o                                0x00000000   Number         0  stubs.o ABSOLUTE
    _printf_p                                0x00000000   Number         0  stubs.o ABSOLUTE
    _printf_percent                          0x00000000   Number         0  stubs.o ABSOLUTE
    _printf_pre_padding                      0x00000000   Number         0  stubs.o ABSOLUTE
    _printf_return_value                     0x00000000   Number         0  stubs.o ABSOLUTE
    _printf_s                                0x00000000   Number         0  stubs.o ABSOLUTE
    _printf_sizespec                         0x00000000   Number         0  stubs.o ABSOLUTE
    _printf_str                              0x00000000   Number         0  stubs.o ABSOLUTE
    _printf_truncate_signed                  0x00000000   Number         0  stubs.o ABSOLUTE
    _printf_truncate_unsigned                0x00000000   Number         0  stubs.o ABSOLUTE
    _printf_u                                0x00000000   Number         0  stubs.o ABSOLUTE
    _printf_wc                               0x00000000   Number         0  stubs.o ABSOLUTE
    _printf_wctomb                           0x00000000   Number         0  stubs.o ABSOLUTE
    _printf_widthprec                        0x00000000   Number         0  stubs.o ABSOLUTE
    _printf_x                                0x00000000   Number         0  stubs.o ABSOLUTE
    __cpp_initialize__aeabi_                  - Undefined Weak Reference
    __cxa_finalize                            - Undefined Weak Reference
    __decompress                              - Undefined Weak Reference
    _clock_init                               - Undefined Weak Reference
    _microlib_exit                            - Undefined Weak Reference
    __Vectors_Size                           0x000000bc   Number         0  startup_stm32f051x8.o ABSOLUTE
    __Vectors                                0x08000000   Data           4  startup_stm32f051x8.o(RESET)
    __Vectors_End                            0x080000bc   Data           0  startup_stm32f051x8.o(RESET)
    __main                                   0x080000bd   Thumb Code     0  entry.o(.ARM.Collect$$$$00000000)
    _main_stk                                0x080000bd   Thumb Code     0  entry2.o(.ARM.Collect$$$$00000001)
    _main_scatterload                        0x080000c1   Thumb Code     0  entry5.o(.ARM.Collect$$$$00000004)
    __main_after_scatterload                 0x080000c5   Thumb Code     0  entry5.o(.ARM.Collect$$$$00000004)
    _main_clock                              0x080000c5   Thumb Code     0  entry7b.o(.ARM.Collect$$$$00000008)
    _main_cpp_init                           0x080000c5   Thumb Code     0  entry8b.o(.ARM.Collect$$$$0000000A)
    _main_init                               0x080000c5   Thumb Code     0  entry9a.o(.ARM.Collect$$$$0000000B)
    __rt_final_cpp                           0x080000cd   Thumb Code     0  entry10a.o(.ARM.Collect$$$$0000000D)
    __rt_final_exit                          0x080000cd   Thumb Code     0  entry11a.o(.ARM.Collect$$$$0000000F)
    Reset_Handler                            0x080000d1   Thumb Code     8  startup_stm32f051x8.o(.text)
    ADC1_COMP_IRQHandler                     0x080000e3   Thumb Code     0  startup_stm32f051x8.o(.text)
    CEC_IRQHandler                           0x080000e3   Thumb Code     0  startup_stm32f051x8.o(.text)
    DMA1_Channel1_IRQHandler                 0x080000e3   Thumb Code     0  startup_stm32f051x8.o(.text)
    DMA1_Channel2_3_IRQHandler               0x080000e3   Thumb Code     0  startup_stm32f051x8.o(.text)
    DMA1_Channel4_5_IRQHandler               0x080000e3   Thumb Code     0  startup_stm32f051x8.o(.text)
    EXTI0_1_IRQHandler                       0x080000e3   Thumb Code     0  startup_stm32f051x8.o(.text)
    EXTI2_3_IRQHandler                       0x080000e3   Thumb Code     0  startup_stm32f051x8.o(.text)
    EXTI4_15_IRQHandler                      0x080000e3   Thumb Code     0  startup_stm32f051x8.o(.text)
    FLASH_IRQHandler                         0x080000e3   Thumb Code     0  startup_stm32f051x8.o(.text)
    I2C1_IRQHandler                          0x080000e3   Thumb Code     0  startup_stm32f051x8.o(.text)
    I2C2_IRQHandler                          0x080000e3   Thumb Code     0  startup_stm32f051x8.o(.text)
    PVD_IRQHandler                           0x080000e3   Thumb Code     0  startup_stm32f051x8.o(.text)
    RCC_IRQHandler                           0x080000e3   Thumb Code     0  startup_stm32f051x8.o(.text)
    RTC_IRQHandler                           0x080000e3   Thumb Code     0  startup_stm32f051x8.o(.text)
    SPI1_IRQHandler                          0x080000e3   Thumb Code     0  startup_stm32f051x8.o(.text)
    SPI2_IRQHandler                          0x080000e3   Thumb Code     0  startup_stm32f051x8.o(.text)
    TIM14_IRQHandler                         0x080000e3   Thumb Code     0  startup_stm32f051x8.o(.text)
    TIM15_IRQHandler                         0x080000e3   Thumb Code     0  startup_stm32f051x8.o(.text)
    TIM16_IRQHandler                         0x080000e3   Thumb Code     0  startup_stm32f051x8.o(.text)
    TIM17_IRQHandler                         0x080000e3   Thumb Code     0  startup_stm32f051x8.o(.text)
    TIM1_BRK_UP_TRG_COM_IRQHandler           0x080000e3   Thumb Code     0  startup_stm32f051x8.o(.text)
    TIM1_CC_IRQHandler                       0x080000e3   Thumb Code     0  startup_stm32f051x8.o(.text)
    TIM2_IRQHandler                          0x080000e3   Thumb Code     0  startup_stm32f051x8.o(.text)
    TIM3_IRQHandler                          0x080000e3   Thumb Code     0  startup_stm32f051x8.o(.text)
    TIM6_DAC_IRQHandler                      0x080000e3   Thumb Code     0  startup_stm32f051x8.o(.text)
    TSC_IRQHandler                           0x080000e3   Thumb Code     0  startup_stm32f051x8.o(.text)
    USART1_IRQHandler                        0x080000e3   Thumb Code     0  startup_stm32f051x8.o(.text)
    USART2_IRQHandler                        0x080000e3   Thumb Code     0  startup_stm32f051x8.o(.text)
    WWDG_IRQHandler                          0x080000e3   Thumb Code     0  startup_stm32f051x8.o(.text)
    __aeabi_uidiv                            0x080000ed   Thumb Code     0  uidiv.o(.text)
    __aeabi_uidivmod                         0x080000ed   Thumb Code    44  uidiv.o(.text)
    __aeabi_llsr                             0x08000119   Thumb Code    34  llushr.o(.text)
    _ll_ushift_r                             0x08000119   Thumb Code     0  llushr.o(.text)
    __aeabi_fadd                             0x0800013b   Thumb Code   162  fadd.o(.text)
    __aeabi_fsub                             0x080001dd   Thumb Code     8  fadd.o(.text)
    __aeabi_frsub                            0x080001e5   Thumb Code     8  fadd.o(.text)
    __aeabi_fmul                             0x080001ed   Thumb Code   122  fmul.o(.text)
    __aeabi_fdiv                             0x08000267   Thumb Code   124  fdiv.o(.text)
    __aeabi_i2f                              0x080002e3   Thumb Code    22  fflti.o(.text)
    __aeabi_f2d                              0x080002f9   Thumb Code    40  f2d.o(.text)
    __aeabi_cfcmpeq                          0x08000321   Thumb Code     0  cfcmple.o(.text)
    __aeabi_cfcmple                          0x08000321   Thumb Code    20  cfcmple.o(.text)
    __aeabi_uldivmod                         0x08000335   Thumb Code    96  uldiv.o(.text)
    __I$use$fp                               0x08000395   Thumb Code     0  iusefp.o(.text)
    _float_round                             0x08000395   Thumb Code    16  fepilogue.o(.text)
    _float_epilogue                          0x080003a5   Thumb Code   114  fepilogue.o(.text)
    __aeabi_dadd                             0x08000419   Thumb Code   328  dadd.o(.text)
    __aeabi_dsub                             0x08000561   Thumb Code    12  dadd.o(.text)
    __aeabi_drsub                            0x0800056d   Thumb Code    12  dadd.o(.text)
    __aeabi_dmul                             0x0800057d   Thumb Code   202  dmul.o(.text)
    __aeabi_ddiv                             0x0800064d   Thumb Code   234  ddiv.o(.text)
    __aeabi_d2ulz                            0x0800073d   Thumb Code    54  dfixul.o(.text)
    __aeabi_cdrcmple                         0x0800077d   Thumb Code    38  cdrcmple.o(.text)
    __scatterload                            0x080007a5   Thumb Code    28  init.o(.text)
    __scatterload_rt2                        0x080007a5   Thumb Code     0  init.o(.text)
    __aeabi_llsl                             0x080007c9   Thumb Code    32  llshl.o(.text)
    _ll_shift_l                              0x080007c9   Thumb Code     0  llshl.o(.text)
    __aeabi_lasr                             0x080007e9   Thumb Code    38  llsshr.o(.text)
    _ll_sshift_r                             0x080007e9   Thumb Code     0  llsshr.o(.text)
    _double_round                            0x0800080f   Thumb Code    26  depilogue.o(.text)
    _double_epilogue                         0x08000829   Thumb Code   164  depilogue.o(.text)
    HAL_GPIO_Init                            0x080008cd   Thumb Code   470  stm32f0xx_hal_gpio.o(i.HAL_GPIO_Init)
    HAL_GPIO_WritePin                        0x08000abd   Thumb Code    12  stm32f0xx_hal_gpio.o(i.HAL_GPIO_WritePin)
    HAL_GetTick                              0x08000ac9   Thumb Code     6  stm32f0xx_hal.o(i.HAL_GetTick)
    HAL_IncTick                              0x08000ad5   Thumb Code    12  stm32f0xx_hal.o(i.HAL_IncTick)
    HAL_Init                                 0x08000ae5   Thumb Code    28  stm32f0xx_hal.o(i.HAL_Init)
    HAL_InitTick                             0x08000b05   Thumb Code    38  stm32f0xx_hal.o(i.HAL_InitTick)
    HAL_MspInit                              0x08000b2d   Thumb Code    62  stm32f0xx_hal_msp.o(i.HAL_MspInit)
    HAL_NVIC_SetPriority                     0x08000b71   Thumb Code    18  stm32f0xx_hal_cortex.o(i.HAL_NVIC_SetPriority)
    HAL_RCCEx_PeriphCLKConfig                0x08000b85   Thumb Code   350  stm32f0xx_hal_rcc_ex.o(i.HAL_RCCEx_PeriphCLKConfig)
    HAL_RCC_ClockConfig                      0x08000cf1   Thumb Code   382  stm32f0xx_hal_rcc.o(i.HAL_RCC_ClockConfig)
    HAL_RCC_GetHCLKFreq                      0x08000e85   Thumb Code     6  stm32f0xx_hal_rcc.o(i.HAL_RCC_GetHCLKFreq)
    HAL_RCC_GetPCLK1Freq                     0x08000e91   Thumb Code    26  stm32f0xx_hal_rcc.o(i.HAL_RCC_GetPCLK1Freq)
    HAL_RCC_GetSysClockFreq                  0x08000eb5   Thumb Code   150  stm32f0xx_hal_rcc.o(i.HAL_RCC_GetSysClockFreq)
    HAL_RCC_OscConfig                        0x08000f79   Thumb Code  1352  stm32f0xx_hal_rcc.o(i.HAL_RCC_OscConfig)
    HAL_SPI_Init                             0x080014c5   Thumb Code   220  stm32f0xx_hal_spi.o(i.HAL_SPI_Init)
    HAL_SPI_MspInit                          0x080015a1   Thumb Code    76  stm32f0xx_hal_msp.o(i.HAL_SPI_MspInit)
    HAL_SPI_Transmit                         0x080015f5   Thumb Code   478  stm32f0xx_hal_spi.o(i.HAL_SPI_Transmit)
    HAL_SPI_TransmitReceive                  0x080017d3   Thumb Code   714  stm32f0xx_hal_spi.o(i.HAL_SPI_TransmitReceive)
    HAL_SYSTICK_CLKSourceConfig              0x08001a9d   Thumb Code    32  stm32f0xx_hal_cortex.o(i.HAL_SYSTICK_CLKSourceConfig)
    HAL_SYSTICK_Callback                     0x08001ac1   Thumb Code     2  stm32f0xx_hal_cortex.o(i.HAL_SYSTICK_Callback)
    HAL_SYSTICK_Config                       0x08001ac5   Thumb Code    46  stm32f0xx_hal_cortex.o(i.HAL_SYSTICK_Config)
    HAL_SYSTICK_IRQHandler                   0x08001afd   Thumb Code     8  stm32f0xx_hal_cortex.o(i.HAL_SYSTICK_IRQHandler)
    HAL_UART_Init                            0x08001b05   Thumb Code   130  stm32f0xx_hal_uart.o(i.HAL_UART_Init)
    HAL_UART_MspInit                         0x08001b89   Thumb Code    82  stm32f0xx_hal_msp.o(i.HAL_UART_MspInit)
    HardFault_Handler                        0x08001be5   Thumb Code     4  stm32f0xx_it.o(i.HardFault_Handler)
    MX_GPIO_Init                             0x08001be9   Thumb Code   138  mpu6500_bsp.o(i.MX_GPIO_Init)
    MX_SPI1_Init                             0x08001c7d   Thumb Code    94  mpu6500.o(i.MX_SPI1_Init)
    MX_USART1_UART_Init                      0x08001cf9   Thumb Code    62  uart.o(i.MX_USART1_UART_Init)
    NMI_Handler                              0x08001d51   Thumb Code     2  stm32f0xx_it.o(i.NMI_Handler)
    PendSV_Handler                           0x08001dcd   Thumb Code     2  stm32f0xx_it.o(i.PendSV_Handler)
    ReadMPU6500_Reg                          0x08001dd1   Thumb Code    66  mpu6500.o(i.ReadMPU6500_Reg)
    SVC_Handler                              0x08001fdf   Thumb Code     2  stm32f0xx_it.o(i.SVC_Handler)
    SysTick_Handler                          0x08001fe1   Thumb Code    12  stm32f0xx_it.o(i.SysTick_Handler)
    SystemClock_Config                       0x08001fed   Thumb Code   150  mpu6500_sys.o(i.SystemClock_Config)
    SystemInit                               0x0800209d   Thumb Code   104  system_stm32f0xx.o(i.SystemInit)
    UART_AdvFeatureConfig                    0x08002111   Thumb Code   240  stm32f0xx_hal_uart.o(i.UART_AdvFeatureConfig)
    UART_CheckIdleState                      0x08002201   Thumb Code   120  stm32f0xx_hal_uart.o(i.UART_CheckIdleState)
    UART_SetConfig                           0x08002281   Thumb Code   454  stm32f0xx_hal_uart.o(i.UART_SetConfig)
    UART_WaitOnFlagUntilTimeout              0x08002465   Thumb Code   112  stm32f0xx_hal_uart.o(i.UART_WaitOnFlagUntilTimeout)
    WritMPU6500_Reg                          0x080024d5   Thumb Code    50  mpu6500.o(i.WritMPU6500_Reg)
    _Error_Handler                           0x0800250d   Thumb Code     4  main.o(i._Error_Handler)
    __0printf                                0x08002511   Thumb Code    24  printfa.o(i.__0printf)
    __1printf                                0x08002511   Thumb Code     0  printfa.o(i.__0printf)
    __2printf                                0x08002511   Thumb Code     0  printfa.o(i.__0printf)
    __c89printf                              0x08002511   Thumb Code     0  printfa.o(i.__0printf)
    printf                                   0x08002511   Thumb Code     0  printfa.o(i.__0printf)
    __ARM_clz                                0x08002531   Thumb Code    46  depilogue.o(i.__ARM_clz)
    __scatterload_copy                       0x0800255f   Thumb Code    14  handlers.o(i.__scatterload_copy)
    __scatterload_null                       0x0800256d   Thumb Code     2  handlers.o(i.__scatterload_null)
    __scatterload_zeroinit                   0x0800256f   Thumb Code    14  handlers.o(i.__scatterload_zeroinit)
    fputc                                    0x08002e29   Thumb Code    24  uart.o(i.fputc)
    free                                     0x08002e45   Thumb Code    80  malloc.o(i.free)
    main                                     0x08002e99   Thumb Code   578  main.o(i.main)
    malloc                                   0x08003151   Thumb Code    92  malloc.o(i.malloc)
    matrix_add                               0x080031bd   Thumb Code   136  matrix.o(i.matrix_add)
    matrix_det                               0x08003245   Thumb Code   472  matrix.o(i.matrix_det)
    matrix_free                              0x08003421   Thumb Code    12  matrix.o(i.matrix_free)
    matrix_init                              0x0800342d   Thumb Code    20  matrix.o(i.matrix_init)
    matrix_inverse                           0x08003441   Thumb Code   834  matrix.o(i.matrix_inverse)
    matrix_multiply                          0x08003783   Thumb Code   164  matrix.o(i.matrix_multiply)
    matrix_read                              0x08003829   Thumb Code    36  matrix.o(i.matrix_read)
    matrix_set_m                             0x08003851   Thumb Code     4  matrix.o(i.matrix_set_m)
    matrix_set_n                             0x08003855   Thumb Code     4  matrix.o(i.matrix_set_n)
    matrix_subtract                          0x08003859   Thumb Code   136  matrix.o(i.matrix_subtract)
    matrix_transpos                          0x080038e1   Thumb Code    84  matrix.o(i.matrix_transpos)
    matrix_write                             0x08003935   Thumb Code    40  matrix.o(i.matrix_write)
    printf_matrix                            0x0800395d   Thumb Code   102  uart.o(i.printf_matrix)
    AHBPrescTable                            0x080039d0   Data          16  system_stm32f0xx.o(.constdata)
    APBPrescTable                            0x080039e0   Data           8  system_stm32f0xx.o(.constdata)
    Region$$Table$$Base                      0x080039e8   Number         0  anon$$obj.o(Region$$Table)
    Region$$Table$$Limit                     0x08003a08   Number         0  anon$$obj.o(Region$$Table)
    test_value                               0x20000000   Data           4  main.o(.data)
    SystemCoreClock                          0x20000004   Data           4  system_stm32f0xx.o(.data)
    uwTick                                   0x20000008   Data           4  stm32f0xx_hal.o(.data)
    __stdout                                 0x2000000c   Data           4  stdout.o(.data)
    __microlib_freelist                      0x20000010   Data           4  mvars.o(.data)
    __microlib_freelist_initialised          0x20000014   Data           4  mvars.o(.data)
    hspi1                                    0x20000018   Data         100  mpu6500.o(.bss)
    huart1                                   0x2000007c   Data         112  uart.o(.bss)
    test_print                               0x200000ec   Data         144  uart.o(.bss)
    __heap_base                              0x20000180   Data           0  startup_stm32f051x8.o(HEAP)
    __heap_limit                             0x20000380   Data           0  startup_stm32f051x8.o(HEAP)
    __initial_sp                             0x20000780   Data           0  startup_stm32f051x8.o(STACK)



==============================================================================

Memory Map of the image

  Image Entry point : 0x080000bd

  Load Region LR_IROM1 (Base: 0x08000000, Size: 0x00003a20, Max: 0x00010000, ABSOLUTE)

    Execution Region ER_IROM1 (Exec base: 0x08000000, Load base: 0x08000000, Size: 0x00003a08, Max: 0x00010000, ABSOLUTE)

    Exec Addr    Load Addr    Size         Type   Attr      Idx    E Section Name        Object

    0x08000000   0x08000000   0x000000bc   Data   RO         2615    RESET               startup_stm32f051x8.o
    0x080000bc   0x080000bc   0x00000000   Code   RO         2620  * .ARM.Collect$$$$00000000  mc_p.l(entry.o)
    0x080000bc   0x080000bc   0x00000004   Code   RO         2928    .ARM.Collect$$$$00000001  mc_p.l(entry2.o)
    0x080000c0   0x080000c0   0x00000004   Code   RO         2931    .ARM.Collect$$$$00000004  mc_p.l(entry5.o)
    0x080000c4   0x080000c4   0x00000000   Code   RO         2933    .ARM.Collect$$$$00000008  mc_p.l(entry7b.o)
    0x080000c4   0x080000c4   0x00000000   Code   RO         2935    .ARM.Collect$$$$0000000A  mc_p.l(entry8b.o)
    0x080000c4   0x080000c4   0x00000008   Code   RO         2936    .ARM.Collect$$$$0000000B  mc_p.l(entry9a.o)
    0x080000cc   0x080000cc   0x00000000   Code   RO         2938    .ARM.Collect$$$$0000000D  mc_p.l(entry10a.o)
    0x080000cc   0x080000cc   0x00000000   Code   RO         2940    .ARM.Collect$$$$0000000F  mc_p.l(entry11a.o)
    0x080000cc   0x080000cc   0x00000004   Code   RO         2929    .ARM.Collect$$$$00002712  mc_p.l(entry2.o)
    0x080000d0   0x080000d0   0x0000001c   Code   RO         2616    .text               startup_stm32f051x8.o
    0x080000ec   0x080000ec   0x0000002c   Code   RO         2623    .text               mc_p.l(uidiv.o)
    0x08000118   0x08000118   0x00000022   Code   RO         2625    .text               mc_p.l(llushr.o)
    0x0800013a   0x0800013a   0x000000b2   Code   RO         2916    .text               mf_p.l(fadd.o)
    0x080001ec   0x080001ec   0x0000007a   Code   RO         2918    .text               mf_p.l(fmul.o)
    0x08000266   0x08000266   0x0000007c   Code   RO         2920    .text               mf_p.l(fdiv.o)
    0x080002e2   0x080002e2   0x00000016   Code   RO         2922    .text               mf_p.l(fflti.o)
    0x080002f8   0x080002f8   0x00000028   Code   RO         2924    .text               mf_p.l(f2d.o)
    0x08000320   0x08000320   0x00000014   Code   RO         2926    .text               mf_p.l(cfcmple.o)
    0x08000334   0x08000334   0x00000060   Code   RO         2943    .text               mc_p.l(uldiv.o)
    0x08000394   0x08000394   0x00000000   Code   RO         2951    .text               mc_p.l(iusefp.o)
    0x08000394   0x08000394   0x00000082   Code   RO         2952    .text               mf_p.l(fepilogue.o)
    0x08000416   0x08000416   0x00000002   PAD
    0x08000418   0x08000418   0x00000164   Code   RO         2954    .text               mf_p.l(dadd.o)
    0x0800057c   0x0800057c   0x000000d0   Code   RO         2956    .text               mf_p.l(dmul.o)
    0x0800064c   0x0800064c   0x000000f0   Code   RO         2958    .text               mf_p.l(ddiv.o)
    0x0800073c   0x0800073c   0x00000040   Code   RO         2960    .text               mf_p.l(dfixul.o)
    0x0800077c   0x0800077c   0x00000028   Code   RO         2962    .text               mf_p.l(cdrcmple.o)
    0x080007a4   0x080007a4   0x00000024   Code   RO         2964    .text               mc_p.l(init.o)
    0x080007c8   0x080007c8   0x00000020   Code   RO         2966    .text               mc_p.l(llshl.o)
    0x080007e8   0x080007e8   0x00000026   Code   RO         2968    .text               mc_p.l(llsshr.o)
    0x0800080e   0x0800080e   0x000000be   Code   RO         2970    .text               mf_p.l(depilogue.o)
    0x080008cc   0x080008cc   0x000001f0   Code   RO         1402    i.HAL_GPIO_Init     stm32f0xx_hal_gpio.o
    0x08000abc   0x08000abc   0x0000000c   Code   RO         1406    i.HAL_GPIO_WritePin  stm32f0xx_hal_gpio.o
    0x08000ac8   0x08000ac8   0x0000000c   Code   RO         2064    i.HAL_GetTick       stm32f0xx_hal.o
    0x08000ad4   0x08000ad4   0x00000010   Code   RO         2068    i.HAL_IncTick       stm32f0xx_hal.o
    0x08000ae4   0x08000ae4   0x00000020   Code   RO         2069    i.HAL_Init          stm32f0xx_hal.o
    0x08000b04   0x08000b04   0x00000026   Code   RO         2070    i.HAL_InitTick      stm32f0xx_hal.o
    0x08000b2a   0x08000b2a   0x00000002   PAD
    0x08000b2c   0x08000b2c   0x00000044   Code   RO          192    i.HAL_MspInit       stm32f0xx_hal_msp.o
    0x08000b70   0x08000b70   0x00000012   Code   RO         1531    i.HAL_NVIC_SetPriority  stm32f0xx_hal_cortex.o
    0x08000b82   0x08000b82   0x00000002   PAD
    0x08000b84   0x08000b84   0x0000016c   Code   RO         1369    i.HAL_RCCEx_PeriphCLKConfig  stm32f0xx_hal_rcc_ex.o
    0x08000cf0   0x08000cf0   0x00000194   Code   RO         1031    i.HAL_RCC_ClockConfig  stm32f0xx_hal_rcc.o
    0x08000e84   0x08000e84   0x0000000c   Code   RO         1036    i.HAL_RCC_GetHCLKFreq  stm32f0xx_hal_rcc.o
    0x08000e90   0x08000e90   0x00000024   Code   RO         1038    i.HAL_RCC_GetPCLK1Freq  stm32f0xx_hal_rcc.o
    0x08000eb4   0x08000eb4   0x000000c4   Code   RO         1039    i.HAL_RCC_GetSysClockFreq  stm32f0xx_hal_rcc.o
    0x08000f78   0x08000f78   0x0000054c   Code   RO         1042    i.HAL_RCC_OscConfig  stm32f0xx_hal_rcc.o
    0x080014c4   0x080014c4   0x000000dc   Code   RO         2303    i.HAL_SPI_Init      stm32f0xx_hal_spi.o
    0x080015a0   0x080015a0   0x00000054   Code   RO          194    i.HAL_SPI_MspInit   stm32f0xx_hal_msp.o
    0x080015f4   0x080015f4   0x000001de   Code   RO         2311    i.HAL_SPI_Transmit  stm32f0xx_hal_spi.o
    0x080017d2   0x080017d2   0x000002ca   Code   RO         2312    i.HAL_SPI_TransmitReceive  stm32f0xx_hal_spi.o
    0x08001a9c   0x08001a9c   0x00000024   Code   RO         1533    i.HAL_SYSTICK_CLKSourceConfig  stm32f0xx_hal_cortex.o
    0x08001ac0   0x08001ac0   0x00000002   Code   RO         1534    i.HAL_SYSTICK_Callback  stm32f0xx_hal_cortex.o
    0x08001ac2   0x08001ac2   0x00000002   PAD
    0x08001ac4   0x08001ac4   0x00000038   Code   RO         1535    i.HAL_SYSTICK_Config  stm32f0xx_hal_cortex.o
    0x08001afc   0x08001afc   0x00000008   Code   RO         1536    i.HAL_SYSTICK_IRQHandler  stm32f0xx_hal_cortex.o
    0x08001b04   0x08001b04   0x00000082   Code   RO         1643    i.HAL_UART_Init     stm32f0xx_hal_uart.o
    0x08001b86   0x08001b86   0x00000002   PAD
    0x08001b88   0x08001b88   0x0000005c   Code   RO          196    i.HAL_UART_MspInit  stm32f0xx_hal_msp.o
    0x08001be4   0x08001be4   0x00000004   Code   RO            3    i.HardFault_Handler  stm32f0xx_it.o
    0x08001be8   0x08001be8   0x00000094   Code   RO          416    i.MX_GPIO_Init      mpu6500_bsp.o
    0x08001c7c   0x08001c7c   0x0000007c   Code   RO          236    i.MX_SPI1_Init      mpu6500.o
    0x08001cf8   0x08001cf8   0x00000058   Code   RO          361    i.MX_USART1_UART_Init  uart.o
    0x08001d50   0x08001d50   0x00000002   Code   RO            4    i.NMI_Handler       stm32f0xx_it.o
    0x08001d52   0x08001d52   0x00000002   PAD
    0x08001d54   0x08001d54   0x00000078   Code   RO         1537    i.NVIC_SetPriority  stm32f0xx_hal_cortex.o
    0x08001dcc   0x08001dcc   0x00000002   Code   RO            5    i.PendSV_Handler    stm32f0xx_it.o
    0x08001dce   0x08001dce   0x00000002   PAD
    0x08001dd0   0x08001dd0   0x00000048   Code   RO          237    i.ReadMPU6500_Reg   mpu6500.o
    0x08001e18   0x08001e18   0x0000006a   Code   RO         2341    i.SPI_EndRxTxTransaction  stm32f0xx_hal_spi.o
    0x08001e82   0x08001e82   0x000000b4   Code   RO         2346    i.SPI_WaitFifoStateUntilTimeout  stm32f0xx_hal_spi.o
    0x08001f36   0x08001f36   0x000000a8   Code   RO         2347    i.SPI_WaitFlagStateUntilTimeout  stm32f0xx_hal_spi.o
    0x08001fde   0x08001fde   0x00000002   Code   RO            6    i.SVC_Handler       stm32f0xx_it.o
    0x08001fe0   0x08001fe0   0x0000000c   Code   RO            7    i.SysTick_Handler   stm32f0xx_it.o
    0x08001fec   0x08001fec   0x000000b0   Code   RO          396    i.SystemClock_Config  mpu6500_sys.o
    0x0800209c   0x0800209c   0x00000074   Code   RO          487    i.SystemInit        system_stm32f0xx.o
    0x08002110   0x08002110   0x000000f0   Code   RO         1656    i.UART_AdvFeatureConfig  stm32f0xx_hal_uart.o
    0x08002200   0x08002200   0x00000080   Code   RO         1657    i.UART_CheckIdleState  stm32f0xx_hal_uart.o
    0x08002280   0x08002280   0x000001e4   Code   RO         1672    i.UART_SetConfig    stm32f0xx_hal_uart.o
    0x08002464   0x08002464   0x00000070   Code   RO         1674    i.UART_WaitOnFlagUntilTimeout  stm32f0xx_hal_uart.o
    0x080024d4   0x080024d4   0x00000038   Code   RO          238    i.WritMPU6500_Reg   mpu6500.o
    0x0800250c   0x0800250c   0x00000004   Code   RO          145    i._Error_Handler    main.o
    0x08002510   0x08002510   0x00000020   Code   RO         2860    i.__0printf         mc_p.l(printfa.o)
    0x08002530   0x08002530   0x0000002e   Code   RO         2972    i.__ARM_clz         mf_p.l(depilogue.o)
    0x0800255e   0x0800255e   0x0000000e   Code   RO         2976    i.__scatterload_copy  mc_p.l(handlers.o)
    0x0800256c   0x0800256c   0x00000002   Code   RO         2977    i.__scatterload_null  mc_p.l(handlers.o)
    0x0800256e   0x0800256e   0x0000000e   Code   RO         2978    i.__scatterload_zeroinit  mc_p.l(handlers.o)
    0x0800257c   0x0800257c   0x00000174   Code   RO         2867    i._fp_digits        mc_p.l(printfa.o)
    0x080026f0   0x080026f0   0x000006ec   Code   RO         2868    i._printf_core      mc_p.l(printfa.o)
    0x08002ddc   0x08002ddc   0x00000020   Code   RO         2869    i._printf_post_padding  mc_p.l(printfa.o)
    0x08002dfc   0x08002dfc   0x0000002c   Code   RO         2870    i._printf_pre_padding  mc_p.l(printfa.o)
    0x08002e28   0x08002e28   0x0000001c   Code   RO          362    i.fputc             uart.o
    0x08002e44   0x08002e44   0x00000054   Code   RO         2888    i.free              mc_p.l(malloc.o)
    0x08002e98   0x08002e98   0x000002b8   Code   RO          146    i.main              main.o
    0x08003150   0x08003150   0x0000006c   Code   RO         2889    i.malloc            mc_p.l(malloc.o)
    0x080031bc   0x080031bc   0x00000088   Code   RO          269    i.matrix_add        matrix.o
    0x08003244   0x08003244   0x000001dc   Code   RO          270    i.matrix_det        matrix.o
    0x08003420   0x08003420   0x0000000c   Code   RO          271    i.matrix_free       matrix.o
    0x0800342c   0x0800342c   0x00000014   Code   RO          272    i.matrix_init       matrix.o
    0x08003440   0x08003440   0x00000342   Code   RO          273    i.matrix_inverse    matrix.o
    0x08003782   0x08003782   0x000000a4   Code   RO          274    i.matrix_multiply   matrix.o
    0x08003826   0x08003826   0x00000002   PAD
    0x08003828   0x08003828   0x00000028   Code   RO          276    i.matrix_read       matrix.o
    0x08003850   0x08003850   0x00000004   Code   RO          278    i.matrix_set_m      matrix.o
    0x08003854   0x08003854   0x00000004   Code   RO          279    i.matrix_set_n      matrix.o
    0x08003858   0x08003858   0x00000088   Code   RO          280    i.matrix_subtract   matrix.o
    0x080038e0   0x080038e0   0x00000054   Code   RO          281    i.matrix_transpos   matrix.o
    0x08003934   0x08003934   0x00000028   Code   RO          282    i.matrix_write      matrix.o
    0x0800395c   0x0800395c   0x00000074   Code   RO          363    i.printf_matrix     uart.o
    0x080039d0   0x080039d0   0x00000018   Data   RO          488    .constdata          system_stm32f0xx.o
    0x080039e8   0x080039e8   0x00000020   Data   RO         2974    Region$$Table       anon$$obj.o


    Execution Region RW_IRAM1 (Exec base: 0x20000000, Load base: 0x08003a08, Size: 0x00000780, Max: 0x00002000, ABSOLUTE)

    Exec Addr    Load Addr    Size         Type   Attr      Idx    E Section Name        Object

    0x20000000   0x08003a08   0x00000004   Data   RW          147    .data               main.o
    0x20000004   0x08003a0c   0x00000004   Data   RW          489    .data               system_stm32f0xx.o
    0x20000008   0x08003a10   0x00000004   Data   RW         2075    .data               stm32f0xx_hal.o
    0x2000000c   0x08003a14   0x00000004   Data   RW         2942    .data               mc_p.l(stdout.o)
    0x20000010   0x08003a18   0x00000004   Data   RW         2949    .data               mc_p.l(mvars.o)
    0x20000014   0x08003a1c   0x00000004   Data   RW         2950    .data               mc_p.l(mvars.o)
    0x20000018        -       0x00000064   Zero   RW          239    .bss                mpu6500.o
    0x2000007c        -       0x00000100   Zero   RW          364    .bss                uart.o
    0x2000017c   0x08003a20   0x00000004   PAD
    0x20000180        -       0x00000200   Zero   RW         2614    HEAP                startup_stm32f051x8.o
    0x20000380        -       0x00000400   Zero   RW         2613    STACK               startup_stm32f051x8.o


==============================================================================

Image component sizes


      Code (inc. data)   RO Data    RW Data    ZI Data      Debug   Object Name

       700        118          0          4          0       1821   main.o
      1950          8          0          0          0       8212   matrix.o
       252         42          0          0        100       1731   mpu6500.o
       148         10          0          0          0        823   mpu6500_bsp.o
       176         26          0          0          0        625   mpu6500_sys.o
        28          8        188          0       1536        568   startup_stm32f051x8.o
        98         14          0          4          0       2895   stm32f0xx_hal.o
       240         24          0          0          0       9730   stm32f0xx_hal_cortex.o
       508         26          0          0          0       2116   stm32f0xx_hal_gpio.o
       244         24          0          0          0       1967   stm32f0xx_hal_msp.o
      2004        100          0          0          0       4749   stm32f0xx_hal_rcc.o
       364         14          0          0          0       1348   stm32f0xx_hal_rcc_ex.o
      1866          0          0          0          0       6300   stm32f0xx_hal_spi.o
      1094         38          0          0          0       4173   stm32f0xx_hal_uart.o
        22          0          0          0          0     293847   stm32f0xx_it.o
       116         12         24          4          0       1051   system_stm32f0xx.o
       232         44          0          0        256       1934   uart.o

    ----------------------------------------------------------------------
     10056        508        244         12       1896     343890   Object Totals
         0          0         32          0          0          0   (incl. Generated)
        14          0          0          0          4          0   (incl. Padding)

    ----------------------------------------------------------------------

      Code (inc. data)   RO Data    RW Data    ZI Data      Debug   Library Member Name

         0          0          0          0          0          0   entry.o
         0          0          0          0          0          0   entry10a.o
         0          0          0          0          0          0   entry11a.o
         8          4          0          0          0          0   entry2.o
         4          0          0          0          0          0   entry5.o
         0          0          0          0          0          0   entry7b.o
         0          0          0          0          0          0   entry8b.o
         8          4          0          0          0          0   entry9a.o
        30          0          0          0          0          0   handlers.o
        36          8          0          0          0         68   init.o
         0          0          0          0          0          0   iusefp.o
        32          0          0          0          0         68   llshl.o
        38          0          0          0          0         68   llsshr.o
        34          0          0          0          0         68   llushr.o
       192         20          0          0          0        144   malloc.o
         0          0          0          8          0          0   mvars.o
      2252         98          0          0          0        412   printfa.o
         0          0          0          4          0          0   stdout.o
        44          0          0          0          0         72   uidiv.o
        96          0          0          0          0         84   uldiv.o
        40          2          0          0          0         68   cdrcmple.o
        20          0          0          0          0         68   cfcmple.o
       356          4          0          0          0        140   dadd.o
       240          6          0          0          0         84   ddiv.o
       236          0          0          0          0        216   depilogue.o
        64         10          0          0          0         68   dfixul.o
       208          6          0          0          0         88   dmul.o
        40          0          0          0          0         60   f2d.o
       178          0          0          0          0        108   fadd.o
       124          0          0          0          0         72   fdiv.o
       130          0          0          0          0        144   fepilogue.o
        22          0          0          0          0         68   fflti.o
       122          0          0          0          0         72   fmul.o

    ----------------------------------------------------------------------
      4556        162          0         12          0       2240   Library Totals
         2          0          0          0          0          0   (incl. Padding)

    ----------------------------------------------------------------------

      Code (inc. data)   RO Data    RW Data    ZI Data      Debug   Library Name

      2774        134          0         12          0        984   mc_p.l
      1780         28          0          0          0       1256   mf_p.l

    ----------------------------------------------------------------------
      4556        162          0         12          0       2240   Library Totals

    ----------------------------------------------------------------------

==============================================================================


      Code (inc. data)   RO Data    RW Data    ZI Data      Debug   

     14612        670        244         24       1896     342702   Grand Totals
     14612        670        244         24       1896     342702   ELF Image Totals
     14612        670        244         24          0          0   ROM Totals

==============================================================================

    Total RO  Size (Code + RO Data)                14856 (  14.51kB)
    Total RW  Size (RW Data + ZI Data)              1920 (   1.88kB)
    Total ROM Size (Code + RO Data + RW Data)      14880 (  14.53kB)

==============================================================================

